Archive member included to satisfy reference by file (symbol)

app/libapp.a(main.c.obj)      (--whole-archive)
zephyr/libzephyr.a(cbprintf.c.obj)
                              (--whole-archive)
zephyr/libzephyr.a(cbprintf_packaged.c.obj)
                              (--whole-archive)
zephyr/libzephyr.a(crc32c_sw.c.obj)
                              (--whole-archive)
zephyr/libzephyr.a(crc32_sw.c.obj)
                              (--whole-archive)
zephyr/libzephyr.a(crc16_sw.c.obj)
                              (--whole-archive)
zephyr/libzephyr.a(crc8_sw.c.obj)
                              (--whole-archive)
zephyr/libzephyr.a(crc7_sw.c.obj)
                              (--whole-archive)
zephyr/libzephyr.a(dec.c.obj)
                              (--whole-archive)
zephyr/libzephyr.a(fdtable.c.obj)
                              (--whole-archive)
zephyr/libzephyr.a(hex.c.obj)
                              (--whole-archive)
zephyr/libzephyr.a(notify.c.obj)
                              (--whole-archive)
zephyr/libzephyr.a(printk.c.obj)
                              (--whole-archive)
zephyr/libzephyr.a(onoff.c.obj)
                              (--whole-archive)
zephyr/libzephyr.a(rb.c.obj)  (--whole-archive)
zephyr/libzephyr.a(sem.c.obj)
                              (--whole-archive)
zephyr/libzephyr.a(thread_entry.c.obj)
                              (--whole-archive)
zephyr/libzephyr.a(timeutil.c.obj)
                              (--whole-archive)
zephyr/libzephyr.a(heap.c.obj)
                              (--whole-archive)
zephyr/libzephyr.a(heap-validate.c.obj)
                              (--whole-archive)
zephyr/libzephyr.a(bitarray.c.obj)
                              (--whole-archive)
zephyr/libzephyr.a(multi_heap.c.obj)
                              (--whole-archive)
zephyr/libzephyr.a(cbprintf_complete.c.obj)
                              (--whole-archive)
zephyr/libzephyr.a(assert.c.obj)
                              (--whole-archive)
zephyr/libzephyr.a(reboot.c.obj)
                              (--whole-archive)
zephyr/libzephyr.a(configs.c.obj)
                              (--whole-archive)
zephyr/libzephyr.a(soc_nrf_common.S.obj)
                              (--whole-archive)
zephyr/libzephyr.a(validate_base_addresses.c.obj)
                              (--whole-archive)
zephyr/libzephyr.a(validate_enabled_instances.c.obj)
                              (--whole-archive)
zephyr/libzephyr.a(pm.c.obj)  (--whole-archive)
zephyr/libzephyr.a(constraint.c.obj)
                              (--whole-archive)
zephyr/libzephyr.a(residency.c.obj)
                              (--whole-archive)
zephyr/libzephyr.a(tracing_none.c.obj)
                              (--whole-archive)
zephyr/libzephyr.a(nrf_cc3xx_platform_abort_zephyr.c.obj)
                              (--whole-archive)
zephyr/libzephyr.a(nrf_cc3xx_platform_mutex_zephyr.c.obj)
                              (--whole-archive)
zephyr/arch/common/libarch__common.a(sw_isr_common.c.obj)
                              (--whole-archive)
zephyr/arch/arch/arm/core/aarch32/libarch__arm__core__aarch32.a(cpu_idle.S.obj)
                              (--whole-archive)
zephyr/arch/arch/arm/core/aarch32/libarch__arm__core__aarch32.a(fatal.c.obj)
                              (--whole-archive)
zephyr/arch/arch/arm/core/aarch32/libarch__arm__core__aarch32.a(irq_manage.c.obj)
                              (--whole-archive)
zephyr/arch/arch/arm/core/aarch32/libarch__arm__core__aarch32.a(nmi.c.obj)
                              (--whole-archive)
zephyr/arch/arch/arm/core/aarch32/libarch__arm__core__aarch32.a(nmi_on_reset.S.obj)
                              (--whole-archive)
zephyr/arch/arch/arm/core/aarch32/libarch__arm__core__aarch32.a(prep_c.c.obj)
                              (--whole-archive)
zephyr/arch/arch/arm/core/aarch32/libarch__arm__core__aarch32.a(swap.c.obj)
                              (--whole-archive)
zephyr/arch/arch/arm/core/aarch32/libarch__arm__core__aarch32.a(swap_helper.S.obj)
                              (--whole-archive)
zephyr/arch/arch/arm/core/aarch32/libarch__arm__core__aarch32.a(thread.c.obj)
                              (--whole-archive)
zephyr/arch/arch/arm/core/aarch32/libarch__arm__core__aarch32.a(isr_wrapper.S.obj)
                              (--whole-archive)
zephyr/arch/arch/arm/core/aarch32/cortex_m/libarch__arm__core__aarch32__cortex_m.a(exc_exit.S.obj)
                              (--whole-archive)
zephyr/arch/arch/arm/core/aarch32/cortex_m/libarch__arm__core__aarch32__cortex_m.a(fault.c.obj)
                              (--whole-archive)
zephyr/arch/arch/arm/core/aarch32/cortex_m/libarch__arm__core__aarch32__cortex_m.a(fault_s.S.obj)
                              (--whole-archive)
zephyr/arch/arch/arm/core/aarch32/cortex_m/libarch__arm__core__aarch32__cortex_m.a(fpu.c.obj)
                              (--whole-archive)
[...]
Memory Configuration

Name             Origin             Length             Attributes
FLASH            0x00000000         0x00100000         xr
SRAM             0x20000000         0x00040000         xw
IDT_LIST         0xfffff7ff         0x00000800         xw
*default*        0x00000000         0xffffffff

Linker script and memory map

LOAD zephyr/CMakeFiles/zephyr_pre0.dir/misc/empty_file.c.obj
                0x00000020                _region_min_align = 0x20

.rel.plt        0x00000000        0x0
 *(SORT_BY_ALIGNMENT(.rel.plt))
                [!provide]                PROVIDE (__rel_iplt_start = .)
 *(SORT_BY_ALIGNMENT(.rel.iplt))
 .rel.iplt      0x00000000        0x0 app/libapp.a(main.c.obj)
                [!provide]                PROVIDE (__rel_iplt_end = .)

.rela.plt       0x00000000        0x0
 *(SORT_BY_ALIGNMENT(.rela.plt))
                [!provide]                PROVIDE (__rela_iplt_start = .)
 *(SORT_BY_ALIGNMENT(.rela.iplt))
                [!provide]                PROVIDE (__rela_iplt_end = .)

.rel.dyn
 *(SORT_BY_ALIGNMENT(.rel.*))

.rela.dyn
 *(SORT_BY_ALIGNMENT(.rela.*))

/DISCARD/
 *(SORT_BY_ALIGNMENT(.plt))
 *(SORT_BY_ALIGNMENT(.iplt))
 *(SORT_BY_ALIGNMENT(.got.plt))
 *(SORT_BY_ALIGNMENT(.igot.plt))
 *(SORT_BY_ALIGNMENT(.got))
 *(SORT_BY_ALIGNMENT(.igot))
 *(SORT_BY_ALIGNMENT(.note.GNU-stack))
                0x00000000                __rom_region_start = 0x0

rom_start       0x00000000      0x100
                0x00000000                . = 0x0
                0x00000000                . = ALIGN (0x4)
                0x00000000                . = ALIGN (0x80)
                0x00000000                . = ALIGN (0x100)
                0x00000000                _vector_start = .
 *(SORT_BY_ALIGNMENT(.exc_vector_table))
 *(SORT_BY_ALIGNMENT(.exc_vector_table.*))
 .exc_vector_table._vector_table_section
                0x00000000       0x40 zephyr/arch/arch/arm/core/aarch32/cortex_m/libarch__arm__core__aarch32__cortex_m.a(vector_table.S.obj)
                0x00000000                _vector_table
 *(SORT_BY_ALIGNMENT(.gnu.linkonce.irq_vector_table*))
 .gnu.linkonce.irq_vector_table
                0x00000040       0xc0 zephyr/arch/common/libisr_tables.a(isr_tables.c.obj)
                0x00000040                _irq_vector_table
 *(SORT_BY_ALIGNMENT(.vectors))
                0x00000100                _vector_end = .

text            0x00000100     0x91f8
                0x00000100                __text_region_start = .
 *(SORT_BY_ALIGNMENT(.text))
 .text          0x00000100      0x168 c:/users/leosm/ncs/v1.9.1/toolchain/opt/bin/../lib/gcc/arm-none-eabi/9.2.1/thumb/v7e-m/nofp\libgcc.a(_arm_mulsf3.o)
                0x00000100                __aeabi_fmul
                0x00000100                __mulsf3
 .text          0x00000268      0x378 c:/users/leosm/ncs/v1.9.1/toolchain/opt/bin/../lib/gcc/arm-none-eabi/9.2.1/thumb/v7e-m/nofp\libgcc.a(_arm_addsubdf3.o)
                0x00000268                __aeabi_drsub
                0x00000270                __aeabi_dsub
                0x00000270                __subdf3
                0x00000274                __aeabi_dadd
                0x00000274                __adddf3
                0x000004ec                __floatunsidf
                0x000004ec                __aeabi_ui2d
                0x0000050c                __floatsidf
                0x0000050c                __aeabi_i2d
                0x00000530                __aeabi_f2d
                0x00000530                __extendsfdf2
                0x00000574                __floatundidf
                0x00000574                __aeabi_ul2d
                0x00000584                __floatdidf
                0x00000584                __aeabi_l2d
 .text          0x000005e0      0x424 c:/users/leosm/ncs/v1.9.1/toolchain/opt/bin/../lib/gcc/arm-none-eabi/9.2.1/thumb/v7e-m/nofp\libgcc.a(_arm_muldivdf3.o)
                0x000005e0                __aeabi_dmul
                0x000005e0                __muldf3
                0x00000834                __divdf3
                0x00000834                __aeabi_ddiv
 .text          0x00000a04       0x50 c:/users/leosm/ncs/v1.9.1/toolchain/opt/bin/../lib/gcc/arm-none-eabi/9.2.1/thumb/v7e-m/nofp\libgcc.a(_arm_fixdfsi.o)
                0x00000a04                __aeabi_d2iz
                0x00000a04                __fixdfsi
 .text          0x00000a54      0x21c c:/users/leosm/ncs/v1.9.1/toolchain/opt/bin/../lib/gcc/arm-none-eabi/9.2.1/thumb/v7e-m/nofp\libgcc.a(_arm_addsubsf3.o)
                0x00000a54                __aeabi_frsub
                0x00000a5c                __subsf3
                0x00000a5c                __aeabi_fsub
                0x00000a60                __aeabi_fadd
                0x00000a60                __addsf3
                0x00000bc0                __aeabi_ui2f
                0x00000bc0                __floatunsisf
                0x00000bc8                __aeabi_i2f
                0x00000bc8                __floatsisf
                0x00000be4                __aeabi_ul2f
                0x00000be4                __floatundisf
                0x00000bf4                __aeabi_l2f
                0x00000bf4                __floatdisf
 .text          0x00000c70       0xec c:/users/leosm/ncs/v1.9.1/toolchain/opt/bin/../lib/gcc/arm-none-eabi/9.2.1/thumb/v7e-m/nofp\libgcc.a(_arm_cmpsf2.o)
                0x00000c70                __gesf2
                0x00000c70                __gtsf2
                0x00000c78                __lesf2
                0x00000c78                __ltsf2
                0x00000c80                __nesf2
                0x00000c80                __eqsf2
                0x00000c80                __cmpsf2
                0x00000ce0                __aeabi_cfrcmple
                0x00000ce8                __aeabi_cfcmpeq
                0x00000ce8                __aeabi_cfcmple
                0x00000cf8                __aeabi_fcmpeq
                0x00000d0c                __aeabi_fcmplt
                0x00000d20                __aeabi_fcmple
                0x00000d34                __aeabi_fcmpge
                0x00000d48                __aeabi_fcmpgt
 .text          0x00000d5c       0x4c c:/users/leosm/ncs/v1.9.1/toolchain/opt/bin/../lib/gcc/arm-none-eabi/9.2.1/thumb/v7e-m/nofp\libgcc.a(_arm_fixsfsi.o)
                0x00000d5c                __aeabi_f2iz
                0x00000d5c                __fixsfsi
 .text          0x00000da8       0x30 c:/users/leosm/ncs/v1.9.1/toolchain/opt/bin/../lib/gcc/arm-none-eabi/9.2.1/thumb/v7e-m/nofp\libgcc.a(_aeabi_uldivmod.o)
                0x00000da8                __aeabi_uldivmod
 .text          0x00000dd8      0x2c0 c:/users/leosm/ncs/v1.9.1/toolchain/opt/bin/../lib/gcc/arm-none-eabi/9.2.1/thumb/v7e-m/nofp\libgcc.a(_udivmoddi4.o)
                0x00000dd8                __udivmoddi4
 .text          0x00001098        0x4 c:/users/leosm/ncs/v1.9.1/toolchain/opt/bin/../lib/gcc/arm-none-eabi/9.2.1/thumb/v7e-m/nofp\libgcc.a(_dvmd_tls.o)
                0x00001098                __aeabi_idiv0
                0x00001098                __aeabi_ldiv0
 *(SORT_BY_ALIGNMENT(.text.*))
 *fill*         0x0000109c        0x4 
 .text.thread_B_code
                0x000010a0       0xdc app/libapp.a(main.c.obj)
                0x000010a0                thread_B_code
 .text.butpress_cbfunction
                0x0000117c        0xc app/libapp.a(main.c.obj)
                0x0000117c                butpress_cbfunction
 .text.gpio_pin_get
                0x00001188       0x60 app/libapp.a(main.c.obj)
 .text.z_impl_gpio_pin_configure.constprop.0
                0x000011e8       0x64 app/libapp.a(main.c.obj)
 .text.z_impl_gpio_pin_interrupt_configure.constprop.0
                0x0000124c       0x6c app/libapp.a(main.c.obj)
 .text.thread_D_code
                0x000012b8       0xd4 app/libapp.a(main.c.obj)
                0x000012b8                thread_D_code
 .text.thread_A_code
                0x0000138c      0x114 app/libapp.a(main.c.obj)
                0x0000138c                thread_A_code
 .text.thread_E_code
                0x000014a0       0xf4 app/libapp.a(main.c.obj)
                0x000014a0                thread_E_code
 .text.thread_C_code
                0x00001594      0x1a4 app/libapp.a(main.c.obj)
                0x00001594                thread_C_code
 .text.config   0x00001738      0x108 app/libapp.a(main.c.obj)
                0x00001738                config
 .text.main     0x00001840      0x1fc app/libapp.a(main.c.obj)
                0x00001840                main
 .text.sys_notify_finalize
                0x00001a3c       0x40 zephyr/libzephyr.a(notify.c.obj)
                0x00001a3c                sys_notify_finalize
 .text.char_out
                0x00001a7c       0x10 zephyr/libzephyr.a(printk.c.obj)
 .text.__printk_hook_install
                0x00001a8c        0xc zephyr/libzephyr.a(printk.c.obj)
                0x00001a8c                __printk_hook_install
 .text.vprintk  0x00001a98       0x1c zephyr/libzephyr.a(printk.c.obj)
                0x00001a98                vprintk
 .text.process_event
                0x00001ab4      0x3f4 zephyr/libzephyr.a(onoff.c.obj)
 .text.transition_complete
                0x00001ea8       0x64 zephyr/libzephyr.a(onoff.c.obj)
 .text.onoff_request
                0x00001f0c      0x130 zephyr/libzephyr.a(onoff.c.obj)
                0x00001f0c                onoff_request
 .text.cbvprintf
                0x0000203c      0x780 zephyr/libzephyr.a(cbprintf_complete.c.obj)
                0x0000203c                cbvprintf
 .text.sys_reboot
                0x000027bc       0x28 zephyr/libzephyr.a(reboot.c.obj)
                0x000027bc                sys_reboot
 .text.pm_state_notify
                0x000027e4       0xcc zephyr/libzephyr.a(pm.c.obj)
 .text.atomic_test_and_set_bit.constprop.0
                0x000028b0       0x38 zephyr/libzephyr.a(pm.c.obj)
 .text.pm_system_resume
                0x000028e8       0x88 zephyr/libzephyr.a(pm.c.obj)
                0x000028e8                pm_system_resume
 .text.pm_system_suspend
                0x00002970      0x100 zephyr/libzephyr.a(pm.c.obj)
                0x00002970                pm_system_suspend
 .text.nrf_cc3xx_platform_abort_init
                0x00002a70        0xc zephyr/libzephyr.a(nrf_cc3xx_platform_abort_zephyr.c.obj)
                0x00002a70                nrf_cc3xx_platform_abort_init
 .text.mutex_unlock_platform
                0x00002a7c       0x4c zephyr/libzephyr.a(nrf_cc3xx_platform_mutex_zephyr.c.obj)
 .text.mutex_free_platform
                0x00002ac8       0x48 zephyr/libzephyr.a(nrf_cc3xx_platform_mutex_zephyr.c.obj)
 .text.mutex_init_platform
                0x00002b10       0x70 zephyr/libzephyr.a(nrf_cc3xx_platform_mutex_zephyr.c.obj)
 .text.mutex_lock_platform
                0x00002b80       0x58 zephyr/libzephyr.a(nrf_cc3xx_platform_mutex_zephyr.c.obj)
 .text.nrf_cc3xx_platform_mutex_init
                0x00002bd8       0x2c zephyr/libzephyr.a(nrf_cc3xx_platform_mutex_zephyr.c.obj)
                0x00002bd8                nrf_cc3xx_platform_mutex_init
 .text.z_arm_cpu_idle_init
                0x00002c04        0xc zephyr/arch/arch/arm/core/aarch32/libarch__arm__core__aarch32.a(cpu_idle.S.obj)
                0x00002c04                z_arm_cpu_idle_init
 .text.arch_cpu_idle
                0x00002c10       0x1c zephyr/arch/arch/arm/core/aarch32/libarch__arm__core__aarch32.a(cpu_idle.S.obj)
                0x00002c10                arch_cpu_idle
 .text.arch_cpu_atomic_idle
                0x00002c2c       0x14 zephyr/arch/arch/arm/core/aarch32/libarch__arm__core__aarch32.a(cpu_idle.S.obj)
                0x00002c2c                arch_cpu_atomic_idle
 .text.arch_irq_enable
                0x00002c40       0x20 zephyr/arch/arch/arm/core/aarch32/libarch__arm__core__aarch32.a(irq_manage.c.obj)
                0x00002c40                arch_irq_enable
 .text.arch_irq_is_enabled
                0x00002c60       0x1c zephyr/arch/arch/arm/core/aarch32/libarch__arm__core__aarch32.a(irq_manage.c.obj)
                0x00002c60                arch_irq_is_enabled
 .text.z_arm_irq_priority_set
                0x00002c7c       0x68 zephyr/arch/arch/arm/core/aarch32/libarch__arm__core__aarch32.a(irq_manage.c.obj)
                0x00002c7c                z_arm_irq_priority_set
 .text.z_SysNmiOnReset
                0x00002ce4        0x8 zephyr/arch/arch/arm/core/aarch32/libarch__arm__core__aarch32.a(nmi_on_reset.S.obj)
                0x00002ce4                z_SysNmiOnReset
 .text.z_arm_prep_c
                0x00002cec       0x38 zephyr/arch/arch/arm/core/aarch32/libarch__arm__core__aarch32.a(prep_c.c.obj)
                0x00002cec                z_arm_prep_c
 .text.arch_swap
                0x00002d24       0x34 zephyr/arch/arch/arm/core/aarch32/libarch__arm__core__aarch32.a(swap.c.obj)
                0x00002d24                arch_swap
 .text.z_arm_pendsv
                0x00002d58       0x54 zephyr/arch/arch/arm/core/aarch32/libarch__arm__core__aarch32.a(swap_helper.S.obj)
                0x00002d58                z_arm_pendsv
 .text.z_arm_svc
                0x00002dac       0x20 zephyr/arch/arch/arm/core/aarch32/libarch__arm__core__aarch32.a(swap_helper.S.obj)
                0x00002dac                z_arm_svc
 .text.arch_new_thread
                0x00002dcc       0x38 zephyr/arch/arch/arm/core/aarch32/libarch__arm__core__aarch32.a(thread.c.obj)
                0x00002dcc                arch_new_thread
 .text.z_check_thread_stack_fail
                0x00002e04       0x34 zephyr/arch/arch/arm/core/aarch32/libarch__arm__core__aarch32.a(thread.c.obj)
                0x00002e04                z_check_thread_stack_fail
 .text.arch_switch_to_main_thread
                0x00002e38       0x2c zephyr/arch/arch/arm/core/aarch32/libarch__arm__core__aarch32.a(thread.c.obj)
                0x00002e38                arch_switch_to_main_thread
 .text._isr_wrapper
                0x00002e64       0x40 zephyr/arch/arch/arm/core/aarch32/libarch__arm__core__aarch32.a(isr_wrapper.S.obj)
                0x00002e64                _isr_wrapper
 .text._HandlerModeExit
                0x00002ea4       0x1c zephyr/arch/arch/arm/core/aarch32/cortex_m/libarch__arm__core__aarch32__cortex_m.a(exc_exit.S.obj)
                0x00002ea4                z_arm_int_exit
                0x00002ea4                z_arm_exc_exit
 .text.mem_manage_fault
                0x00002ec0       0xa4 zephyr/arch/arch/arm/core/aarch32/cortex_m/libarch__arm__core__aarch32__cortex_m.a(fault.c.obj)
 .text.bus_fault.isra.0
                0x00002f64       0x3c zephyr/arch/arch/arm/core/aarch32/cortex_m/libarch__arm__core__aarch32__cortex_m.a(fault.c.obj)
 .text.usage_fault.isra.0
                0x00002fa0       0x24 zephyr/arch/arch/arm/core/aarch32/cortex_m/libarch__arm__core__aarch32__cortex_m.a(fault.c.obj)
 .text.z_arm_fault
                0x00002fc4      0x17c zephyr/arch/arch/arm/core/aarch32/cortex_m/libarch__arm__core__aarch32__cortex_m.a(fault.c.obj)
                0x00002fc4                z_arm_fault
 .text.z_arm_fault_init
                0x00003140       0x10 zephyr/arch/arch/arm/core/aarch32/cortex_m/libarch__arm__core__aarch32__cortex_m.a(fault.c.obj)
                0x00003140                z_arm_fault_init
 .text.__fault  0x00003150       0x14 zephyr/arch/arch/arm/core/aarch32/cortex_m/libarch__arm__core__aarch32__cortex_m.a(fault_s.S.obj)
                0x00003150                z_arm_usage_fault
                0x00003150                z_arm_mpu_fault
                0x00003150                z_arm_exc_spurious
                0x00003150                z_arm_debug_monitor
                0x00003150                z_arm_hard_fault
                0x00003150                z_arm_bus_fault
 .text.z_arm_interrupt_init
                0x00003164       0x18 zephyr/arch/arch/arm/core/aarch32/cortex_m/libarch__arm__core__aarch32__cortex_m.a(irq_init.c.obj)
                0x00003164                z_arm_interrupt_init
 .text._reset_section
                0x0000317c       0x54 zephyr/arch/arch/arm/core/aarch32/cortex_m/libarch__arm__core__aarch32__cortex_m.a(reset.S.obj)
                0x0000317c                __start
                0x0000317c                z_arm_reset
 .text.z_arm_clear_arm_mpu_config
                0x000031d0       0x20 zephyr/arch/arch/arm/core/aarch32/cortex_m/libarch__arm__core__aarch32__cortex_m.a(scb.c.obj)
                0x000031d0                z_arm_clear_arm_mpu_config
 .text.z_arm_init_arch_hw_at_boot
                0x000031f0       0x64 zephyr/arch/arch/arm/core/aarch32/cortex_m/libarch__arm__core__aarch32__cortex_m.a(scb.c.obj)
                0x000031f0                z_arm_init_arch_hw_at_boot
 .text.z_impl_k_thread_abort
                0x00003254       0x24 zephyr/arch/arch/arm/core/aarch32/cortex_m/libarch__arm__core__aarch32__cortex_m.a(thread_abort.c.obj)
                0x00003254                z_impl_k_thread_abort
 .text.z_arm_configure_static_mpu_regions
                0x00003278       0x18 zephyr/arch/arch/arm/core/aarch32/mpu/libarch__arm__core__aarch32__mpu.a(arm_core_mpu.c.obj)
                0x00003278                z_arm_configure_static_mpu_regions
 .text.z_arm_configure_dynamic_mpu_regions
                0x00003290       0x20 zephyr/arch/arch/arm/core/aarch32/mpu/libarch__arm__core__aarch32__mpu.a(arm_core_mpu.c.obj)
                0x00003290                z_arm_configure_dynamic_mpu_regions
 .text.mpu_configure_regions
                0x000032b0       0x80 zephyr/arch/arch/arm/core/aarch32/mpu/libarch__arm__core__aarch32__mpu.a(arm_mpu.c.obj)
 .text.arm_core_mpu_enable
                0x00003330       0x14 zephyr/arch/arch/arm/core/aarch32/mpu/libarch__arm__core__aarch32__mpu.a(arm_mpu.c.obj)
                0x00003330                arm_core_mpu_enable
 .text.arm_core_mpu_disable
                0x00003344       0x10 zephyr/arch/arch/arm/core/aarch32/mpu/libarch__arm__core__aarch32__mpu.a(arm_mpu.c.obj)
                0x00003344                arm_core_mpu_disable
 .text.arm_core_mpu_configure_static_mpu_regions
                0x00003354       0x50 zephyr/arch/arch/arm/core/aarch32/mpu/libarch__arm__core__aarch32__mpu.a(arm_mpu.c.obj)
                0x00003354                arm_core_mpu_configure_static_mpu_regions
 .text.arm_core_mpu_configure_dynamic_mpu_regions
                0x000033a4       0x64 zephyr/arch/arch/arm/core/aarch32/mpu/libarch__arm__core__aarch32__mpu.a(arm_mpu.c.obj)
                0x000033a4                arm_core_mpu_configure_dynamic_mpu_regions
 .text.z_arm_mpu_init
                0x00003408       0xbc zephyr/arch/arch/arm/core/aarch32/mpu/libarch__arm__core__aarch32__mpu.a(arm_mpu.c.obj)
                0x00003408                z_arm_mpu_init
 .text.__stdout_hook_install
                0x000034c4        0xc zephyr/lib/libc/minimal/liblib__libc__minimal.a(stdout_console.c.obj)
                0x000034c4                __stdout_hook_install
 .text.z_impl_zephyr_fputc
                0x000034d0       0x18 zephyr/lib/libc/minimal/liblib__libc__minimal.a(stdout_console.c.obj)
                0x000034d0                z_impl_zephyr_fputc
 .text.printf   0x000034e8       0x24 zephyr/lib/libc/minimal/liblib__libc__minimal.a(fprintf.c.obj)
                0x000034e8                printf
 .text.nordicsemi_nrf52_init
                0x0000350c       0x64 zephyr/soc/arm/nordic_nrf/nrf52/libsoc__arm__nordic_nrf__nrf52.a(soc.c.obj)
 .text.sys_arch_reboot
                0x00003570       0x2c zephyr/soc/arm/nordic_nrf/nrf52/libsoc__arm__nordic_nrf__nrf52.a(soc.c.obj)
                0x00003570                sys_arch_reboot
 .text.arch_busy_wait
                0x0000359c       0x14 zephyr/soc/arm/nordic_nrf/nrf52/libsoc__arm__nordic_nrf__nrf52.a(soc.c.obj)
                0x0000359c                arch_busy_wait
 .text.adc_context_start_sampling.isra.0
                0x000035b0       0x20 zephyr/drivers/adc/libdrivers__adc.a(adc_nrfx_saadc.c.obj)
 .text.adc_nrfx_channel_setup
                0x000035d0       0xd4 zephyr/drivers/adc/libdrivers__adc.a(adc_nrfx_saadc.c.obj)
 .text.saadc_irq_handler
                0x000036a4       0xd4 zephyr/drivers/adc/libdrivers__adc.a(adc_nrfx_saadc.c.obj)
 .text.adc_nrfx_read
                0x00003778      0x194 zephyr/drivers/adc/libdrivers__adc.a(adc_nrfx_saadc.c.obj)
 .text.init_saadc
                0x0000390c       0x48 zephyr/drivers/adc/libdrivers__adc.a(adc_nrfx_saadc.c.obj)
 .text.onoff_start
                0x00003954       0x54 zephyr/drivers/clock_control/libdrivers__clock_control.a(clock_control_nrf.c.obj)
 .text.get_status
                0x000039a8       0x3c zephyr/drivers/clock_control/libdrivers__clock_control.a(clock_control_nrf.c.obj)
 .text.stop     0x000039e4       0x7c zephyr/drivers/clock_control/libdrivers__clock_control.a(clock_control_nrf.c.obj)
 .text.onoff_stop
                0x00003a60       0x28 zephyr/drivers/clock_control/libdrivers__clock_control.a(clock_control_nrf.c.obj)
 .text.clk_init
                0x00003a88       0x60 zephyr/drivers/clock_control/libdrivers__clock_control.a(clock_control_nrf.c.obj)
 .text.clkstarted_handle.constprop.0
                0x00003ae8       0x34 zephyr/drivers/clock_control/libdrivers__clock_control.a(clock_control_nrf.c.obj)
 .text.clock_event_handler
                0x00003b1c       0x60 zephyr/drivers/clock_control/libdrivers__clock_control.a(clock_control_nrf.c.obj)
 .text.generic_hfclk_start
                0x00003b7c       0x64 zephyr/drivers/clock_control/libdrivers__clock_control.a(clock_control_nrf.c.obj)
 .text.generic_hfclk_stop
                0x00003be0       0x2c zephyr/drivers/clock_control/libdrivers__clock_control.a(clock_control_nrf.c.obj)
 .text.api_blocking_start
                0x00003c0c       0x34 zephyr/drivers/clock_control/libdrivers__clock_control.a(clock_control_nrf.c.obj)
 .text.z_nrf_clock_control_lf_on
                0x00003c40      0x158 zephyr/drivers/clock_control/libdrivers__clock_control.a(clock_control_nrf.c.obj)
                0x00003c40                z_nrf_clock_control_lf_on
 .text.uart_console_init
                0x00003d98       0x30 zephyr/drivers/console/libdrivers__console.a(uart_console.c.obj)
 .text.console_out
                0x00003dc8       0x28 zephyr/drivers/console/libdrivers__console.a(uart_console.c.obj)
 .text.gpio_nrfx_manage_callback
                0x00003df0       0xac zephyr/drivers/gpio/libdrivers__gpio.a(gpio_nrfx.c.obj)
 .text.nrfx_gpio_handler
                0x00003e9c       0x98 zephyr/drivers/gpio/libdrivers__gpio.a(gpio_nrfx.c.obj)
 .text.gpio_nrfx_pin_interrupt_configure
                0x00003f34      0x130 zephyr/drivers/gpio/libdrivers__gpio.a(gpio_nrfx.c.obj)
 .text.gpio_nrfx_init
                0x00004064       0x38 zephyr/drivers/gpio/libdrivers__gpio.a(gpio_nrfx.c.obj)
 .text.gpio_nrfx_pin_configure
                0x0000409c      0x15c zephyr/drivers/gpio/libdrivers__gpio.a(gpio_nrfx.c.obj)
 .text.pwm_nrfx_get_cycles_per_sec
                0x000041f8       0x10 zephyr/drivers/pwm/libdrivers__pwm.a(pwm_nrfx.c.obj)
 .text.pwm_nrfx_init
                0x00004208       0x44 zephyr/drivers/pwm/libdrivers__pwm.a(pwm_nrfx.c.obj)
 .text.nrf_gpio_pin_port_decode
                0x0000424c       0x84 zephyr/drivers/pwm/libdrivers__pwm.a(pwm_nrfx.c.obj)
 .text.uarte_nrfx_configure
                0x000042d0      0x164 zephyr/drivers/serial/libdrivers__serial.a(uart_nrfx_uarte.c.obj)
 .text.nrf_gpio_pin_port_decode
                0x00004434       0x84 zephyr/drivers/serial/libdrivers__serial.a(uart_nrfx_uarte.c.obj)
 .text.uarte_nrfx_poll_out
                0x000044b8       0xc4 zephyr/drivers/serial/libdrivers__serial.a(uart_nrfx_uarte.c.obj)
 .text.uarte_instance_init.isra.0
                0x0000457c      0x198 zephyr/drivers/serial/libdrivers__serial.a(uart_nrfx_uarte.c.obj)
 .text.sys_clock_timeout_handler
                0x00004714       0x78 zephyr/drivers/timer/libdrivers__timer.a(nrf_rtc_timer.c.obj)
 .text.compare_int_lock
                0x0000478c       0x50 zephyr/drivers/timer/libdrivers__timer.a(nrf_rtc_timer.c.obj)
 .text.compare_int_unlock.part.0
                0x000047dc       0x5c zephyr/drivers/timer/libdrivers__timer.a(nrf_rtc_timer.c.obj)
 .text.z_nrf_rtc_timer_read
                0x00004838       0x44 zephyr/drivers/timer/libdrivers__timer.a(nrf_rtc_timer.c.obj)
                0x00004838                z_nrf_rtc_timer_read
 .text.compare_set
                0x0000487c      0x154 zephyr/drivers/timer/libdrivers__timer.a(nrf_rtc_timer.c.obj)
 .text.sys_clock_driver_init
                0x000049d0       0x84 zephyr/drivers/timer/libdrivers__timer.a(nrf_rtc_timer.c.obj)
 .text.rtc_nrf_isr
                0x00004a54       0xf0 zephyr/drivers/timer/libdrivers__timer.a(nrf_rtc_timer.c.obj)
                0x00004a54                rtc_nrf_isr
 .text.sys_clock_set_timeout
                0x00004b44       0x60 zephyr/drivers/timer/libdrivers__timer.a(nrf_rtc_timer.c.obj)
                0x00004b44                sys_clock_set_timeout
 .text.sys_clock_elapsed
                0x00004ba4       0x14 zephyr/drivers/timer/libdrivers__timer.a(nrf_rtc_timer.c.obj)
                0x00004ba4                sys_clock_elapsed
 .text.nrf52_errata_36
                0x00004bb8       0x14 modules/hal_nordic/nrfx/libmodules__hal_nordic__nrfx.a(system_nrf52840.c.obj)
 .text.nrf52_errata_98
                0x00004bcc       0x28 modules/hal_nordic/nrfx/libmodules__hal_nordic__nrfx.a(system_nrf52840.c.obj)
 .text.nvmc_wait
                0x00004bf4       0x10 modules/hal_nordic/nrfx/libmodules__hal_nordic__nrfx.a(system_nrf52840.c.obj)
                0x00004bf4                nvmc_wait
 .text.SystemInit
                0x00004c04      0x1d0 modules/hal_nordic/nrfx/libmodules__hal_nordic__nrfx.a(system_nrf52840.c.obj)
                0x00004c04                SystemInit
 .text.nrfx_flag32_alloc
                0x00004dd4       0x48 modules/hal_nordic/nrfx/libmodules__hal_nordic__nrfx.a(nrfx_flag32_allocator.c.obj)
                0x00004dd4                nrfx_flag32_alloc
 .text.nrfx_flag32_free
                0x00004e1c       0x44 modules/hal_nordic/nrfx/libmodules__hal_nordic__nrfx.a(nrfx_flag32_allocator.c.obj)
                0x00004e1c                nrfx_flag32_free
 .text.nrf_clock_is_running.constprop.0
                0x00004e60       0x68 modules/hal_nordic/nrfx/libmodules__hal_nordic__nrfx.a(nrfx_clock.c.obj)
 .text.nrfx_clock_init
                0x00004ec8       0x48 modules/hal_nordic/nrfx/libmodules__hal_nordic__nrfx.a(nrfx_clock.c.obj)
                0x00004ec8                nrfx_clock_init
 .text.nrfx_clock_enable
                0x00004f10       0x40 modules/hal_nordic/nrfx/libmodules__hal_nordic__nrfx.a(nrfx_clock.c.obj)
                0x00004f10                nrfx_clock_enable
 .text.nrfx_clock_start
                0x00004f50       0xa8 modules/hal_nordic/nrfx/libmodules__hal_nordic__nrfx.a(nrfx_clock.c.obj)
                0x00004f50                nrfx_clock_start
 .text.nrfx_clock_stop
                0x00004ff8       0xdc modules/hal_nordic/nrfx/libmodules__hal_nordic__nrfx.a(nrfx_clock.c.obj)
                0x00004ff8                nrfx_clock_stop
 .text.nrfx_power_clock_irq_handler
                0x000050d4       0x68 modules/hal_nordic/nrfx/libmodules__hal_nordic__nrfx.a(nrfx_clock.c.obj)
                0x000050d4                nrfx_power_clock_irq_handler
 .text.pin_is_task_output
                0x0000513c       0x1c modules/hal_nordic/nrfx/libmodules__hal_nordic__nrfx.a(nrfx_gpiote.c.obj)
 .text.call_handler
                0x00005158       0x3c modules/hal_nordic/nrfx/libmodules__hal_nordic__nrfx.a(nrfx_gpiote.c.obj)
 .text.release_handler
                0x00005194       0x80 modules/hal_nordic/nrfx/libmodules__hal_nordic__nrfx.a(nrfx_gpiote.c.obj)
 .text.pin_handler_trigger_uninit
                0x00005214       0x34 modules/hal_nordic/nrfx/libmodules__hal_nordic__nrfx.a(nrfx_gpiote.c.obj)
 .text.nrf_gpio_pin_port_decode
                0x00005248       0x6c modules/hal_nordic/nrfx/libmodules__hal_nordic__nrfx.a(nrfx_gpiote.c.obj)
 .text.nrfx_gpiote_input_configure
                0x000052b4      0x150 modules/hal_nordic/nrfx/libmodules__hal_nordic__nrfx.a(nrfx_gpiote.c.obj)
                0x000052b4                nrfx_gpiote_input_configure
 .text.nrfx_gpiote_output_configure
                0x00005404       0xe0 modules/hal_nordic/nrfx/libmodules__hal_nordic__nrfx.a(nrfx_gpiote.c.obj)
                0x00005404                nrfx_gpiote_output_configure
 .text.nrfx_gpiote_global_callback_set
                0x000054e4        0xc modules/hal_nordic/nrfx/libmodules__hal_nordic__nrfx.a(nrfx_gpiote.c.obj)
                0x000054e4                nrfx_gpiote_global_callback_set
 .text.nrfx_gpiote_channel_get
                0x000054f0       0x50 modules/hal_nordic/nrfx/libmodules__hal_nordic__nrfx.a(nrfx_gpiote.c.obj)
                0x000054f0                nrfx_gpiote_channel_get
 .text.nrfx_gpiote_init
                0x00005540       0x50 modules/hal_nordic/nrfx/libmodules__hal_nordic__nrfx.a(nrfx_gpiote.c.obj)
                0x00005540                nrfx_gpiote_init
 .text.nrfx_gpiote_is_init
                0x00005590       0x14 modules/hal_nordic/nrfx/libmodules__hal_nordic__nrfx.a(nrfx_gpiote.c.obj)
                0x00005590                nrfx_gpiote_is_init
 .text.nrfx_gpiote_channel_free
                0x000055a4        0xc modules/hal_nordic/nrfx/libmodules__hal_nordic__nrfx.a(nrfx_gpiote.c.obj)
                0x000055a4                nrfx_gpiote_channel_free
 .text.nrfx_gpiote_channel_alloc
                0x000055b0        0xc modules/hal_nordic/nrfx/libmodules__hal_nordic__nrfx.a(nrfx_gpiote.c.obj)
                0x000055b0                nrfx_gpiote_channel_alloc
 .text.nrfx_gpiote_trigger_enable
                0x000055bc       0xe0 modules/hal_nordic/nrfx/libmodules__hal_nordic__nrfx.a(nrfx_gpiote.c.obj)
                0x000055bc                nrfx_gpiote_trigger_enable
 .text.nrfx_gpiote_trigger_disable
                0x0000569c       0x44 modules/hal_nordic/nrfx/libmodules__hal_nordic__nrfx.a(nrfx_gpiote.c.obj)
                0x0000569c                nrfx_gpiote_trigger_disable
 .text.nrfx_gpiote_pin_uninit
                0x000056e0       0x48 modules/hal_nordic/nrfx/libmodules__hal_nordic__nrfx.a(nrfx_gpiote.c.obj)
                0x000056e0                nrfx_gpiote_pin_uninit
 .text.nrfx_gpiote_irq_handler
                0x00005728      0x1b4 modules/hal_nordic/nrfx/libmodules__hal_nordic__nrfx.a(nrfx_gpiote.c.obj)
                0x00005728                nrfx_gpiote_irq_handler
 .text.nrfx_ppi_channel_alloc
                0x000058dc        0xc modules/hal_nordic/nrfx/libmodules__hal_nordic__nrfx.a(nrfx_ppi.c.obj)
                0x000058dc                nrfx_ppi_channel_alloc
 .text.nrf_pwm_sequence_set
                0x000058e8       0xf8 modules/hal_nordic/nrfx/libmodules__hal_nordic__nrfx.a(nrfx_pwm.c.obj)
 .text.nrf_gpio_pin_port_decode
                0x000059e0       0x84 modules/hal_nordic/nrfx/libmodules__hal_nordic__nrfx.a(nrfx_pwm.c.obj)
 .text.nrfx_pwm_init
                0x00005a64      0x198 modules/hal_nordic/nrfx/libmodules__hal_nordic__nrfx.a(nrfx_pwm.c.obj)
                0x00005a64                nrfx_pwm_init
 .text.nrfx_pwm_simple_playback
                0x00005bfc       0xe8 modules/hal_nordic/nrfx/libmodules__hal_nordic__nrfx.a(nrfx_pwm.c.obj)
                0x00005bfc                nrfx_pwm_simple_playback
 .text.nrfx_pwm_is_stopped
                0x00005ce4       0x5c modules/hal_nordic/nrfx/libmodules__hal_nordic__nrfx.a(nrfx_pwm.c.obj)
                0x00005ce4                nrfx_pwm_is_stopped
 .text.nrfx_pwm_stop
                0x00005d40       0x64 modules/hal_nordic/nrfx/libmodules__hal_nordic__nrfx.a(nrfx_pwm.c.obj)
                0x00005d40                nrfx_pwm_stop
 .text.z_sys_init_run_level
                0x00005da4       0x40 zephyr/kernel/libkernel.a(device.c.obj)
                0x00005da4                z_sys_init_run_level
 .text.z_impl_device_get_binding
                0x00005de4       0x58 zephyr/kernel/libkernel.a(device.c.obj)
                0x00005de4                z_impl_device_get_binding
 .text.z_fatal_error
                0x00005e3c       0x64 zephyr/kernel/libkernel.a(fatal.c.obj)
                0x00005e3c                z_fatal_error
 .text.init_idle_thread
                0x00005ea0       0x58 zephyr/kernel/libkernel.a(init.c.obj)
 .text.bg_thread_main
                0x00005ef8       0x34 zephyr/kernel/libkernel.a(init.c.obj)
 .text.z_bss_zero
                0x00005f2c       0x14 zephyr/kernel/libkernel.a(init.c.obj)
                0x00005f2c                z_bss_zero
 .text.z_cstart
                0x00005f40       0xe4 zephyr/kernel/libkernel.a(init.c.obj)
                0x00005f40                z_cstart
 .text.init_mem_slab_module
                0x00006024       0x78 zephyr/kernel/libkernel.a(mem_slab.c.obj)
 .text.k_mem_slab_alloc
                0x0000609c       0xd8 zephyr/kernel/libkernel.a(mem_slab.c.obj)
                0x0000609c                k_mem_slab_alloc
 .text.k_mem_slab_free
                0x00006174       0xc8 zephyr/kernel/libkernel.a(mem_slab.c.obj)
                0x00006174                k_mem_slab_free
 .text.z_setup_new_thread
                0x0000623c       0xc8 zephyr/kernel/libkernel.a(thread.c.obj)
                0x0000623c                z_setup_new_thread
 .text.z_impl_k_thread_create
                0x00006304       0x9c zephyr/kernel/libkernel.a(thread.c.obj)
                0x00006304                z_impl_k_thread_create
 .text.z_init_static_threads
                0x000063a0      0x120 zephyr/kernel/libkernel.a(thread.c.obj)
                0x000063a0                z_init_static_threads
 .text.z_spin_lock_valid
                0x000064c0       0x1c zephyr/kernel/libkernel.a(thread.c.obj)
                0x000064c0                z_spin_lock_valid
 .text.z_spin_unlock_valid
                0x000064dc       0x20 zephyr/kernel/libkernel.a(thread.c.obj)
                0x000064dc                z_spin_unlock_valid
 .text.z_spin_lock_set_owner
                0x000064fc       0x10 zephyr/kernel/libkernel.a(thread.c.obj)
                0x000064fc                z_spin_lock_set_owner
 .text.idle     0x0000650c       0x58 zephyr/kernel/libkernel.a(idle.c.obj)
                0x0000650c                idle
 .text.z_impl_k_mutex_lock
                0x00006564      0x200 zephyr/kernel/libkernel.a(mutex.c.obj)
                0x00006564                z_impl_k_mutex_lock
 .text.z_impl_k_mutex_unlock
                0x00006764      0x190 zephyr/kernel/libkernel.a(mutex.c.obj)
                0x00006764                z_impl_k_mutex_unlock
 .text.z_impl_k_sem_give
                0x000068f4       0x7c zephyr/kernel/libkernel.a(sem.c.obj)
                0x000068f4                z_impl_k_sem_give
 .text.z_impl_k_sem_take
                0x00006970      0x114 zephyr/kernel/libkernel.a(sem.c.obj)
                0x00006970                z_impl_k_sem_take
 .text.z_reset_time_slice
                0x00006a84       0x2c zephyr/kernel/libkernel.a(sched.c.obj)
                0x00006a84                z_reset_time_slice
 .text.k_sched_time_slice_set
                0x00006ab0       0xcc zephyr/kernel/libkernel.a(sched.c.obj)
                0x00006ab0                k_sched_time_slice_set
 .text.z_unpend_thread_no_timeout
                0x00006b7c       0x90 zephyr/kernel/libkernel.a(sched.c.obj)
                0x00006b7c                z_unpend_thread_no_timeout
 .text.z_reschedule
                0x00006c0c       0x88 zephyr/kernel/libkernel.a(sched.c.obj)
                0x00006c0c                z_reschedule
 .text.k_sched_lock
                0x00006c94       0xe8 zephyr/kernel/libkernel.a(sched.c.obj)
                0x00006c94                k_sched_lock
 .text.z_priq_dumb_remove
                0x00006d7c       0x44 zephyr/kernel/libkernel.a(sched.c.obj)
                0x00006d7c                z_priq_dumb_remove
 .text.unpend_thread_no_timeout
                0x00006dc0       0x44 zephyr/kernel/libkernel.a(sched.c.obj)
 .text.update_cache
                0x00006e04       0x70 zephyr/kernel/libkernel.a(sched.c.obj)
 .text.move_thread_to_end_of_prio_q
                0x00006e74       0xac zephyr/kernel/libkernel.a(sched.c.obj)
 .text.z_time_slice
                0x00006f20       0xf0 zephyr/kernel/libkernel.a(sched.c.obj)
                0x00006f20                z_time_slice
 .text.ready_thread
                0x00007010       0xa4 zephyr/kernel/libkernel.a(sched.c.obj)
 .text.z_ready_thread
                0x000070b4       0x90 zephyr/kernel/libkernel.a(sched.c.obj)
                0x000070b4                z_ready_thread
 .text.z_sched_start
                0x00007144       0xa8 zephyr/kernel/libkernel.a(sched.c.obj)
                0x00007144                z_sched_start
 .text.z_thread_timeout
                0x000071ec       0xb4 zephyr/kernel/libkernel.a(sched.c.obj)
                0x000071ec                z_thread_timeout
 .text.unready_thread
                0x000072a0       0x38 zephyr/kernel/libkernel.a(sched.c.obj)
 .text.add_to_waitq_locked
                0x000072d8       0x84 zephyr/kernel/libkernel.a(sched.c.obj)
 .text.pend     0x0000735c       0xbc zephyr/kernel/libkernel.a(sched.c.obj)
 .text.z_pend_curr
                0x00007418       0x60 zephyr/kernel/libkernel.a(sched.c.obj)
                0x00007418                z_pend_curr
 .text.z_set_prio
                0x00007478      0x138 zephyr/kernel/libkernel.a(sched.c.obj)
                0x00007478                z_set_prio
 .text.z_impl_k_thread_suspend
                0x000075b0       0xd4 zephyr/kernel/libkernel.a(sched.c.obj)
                0x000075b0                z_impl_k_thread_suspend
 .text.k_sched_unlock
                0x00007684       0xf8 zephyr/kernel/libkernel.a(sched.c.obj)
                0x00007684                k_sched_unlock
 .text.z_unpend1_no_timeout
                0x0000777c       0x98 zephyr/kernel/libkernel.a(sched.c.obj)
                0x0000777c                z_unpend1_no_timeout
 .text.z_unpend_first_thread
                0x00007814       0xa0 zephyr/kernel/libkernel.a(sched.c.obj)
                0x00007814                z_unpend_first_thread
 .text.z_sched_init
                0x000078b4       0x18 zephyr/kernel/libkernel.a(sched.c.obj)
                0x000078b4                z_sched_init
 .text.z_impl_k_yield
                0x000078cc      0x148 zephyr/kernel/libkernel.a(sched.c.obj)
                0x000078cc                z_impl_k_yield
 .text.z_tick_sleep
                0x00007a14      0x15c zephyr/kernel/libkernel.a(sched.c.obj)
 .text.z_impl_k_sleep
                0x00007b70       0x70 zephyr/kernel/libkernel.a(sched.c.obj)
                0x00007b70                z_impl_k_sleep
 .text.z_impl_z_current_get
                0x00007be0        0xc zephyr/kernel/libkernel.a(sched.c.obj)
                0x00007be0                z_impl_z_current_get
 .text.z_thread_abort
                0x00007bec      0x168 zephyr/kernel/libkernel.a(sched.c.obj)
                0x00007bec                z_thread_abort
 .text.z_data_copy
                0x00007d54       0x34 zephyr/kernel/libkernel.a(xip.c.obj)
                0x00007d54                z_data_copy
 .text.elapsed  0x00007d88       0x14 zephyr/kernel/libkernel.a(timeout.c.obj)
 .text.next_timeout
                0x00007d9c       0x58 zephyr/kernel/libkernel.a(timeout.c.obj)
 .text.remove_timeout
                0x00007df4       0x34 zephyr/kernel/libkernel.a(timeout.c.obj)
 .text.z_add_timeout
                0x00007e28      0x1a8 zephyr/kernel/libkernel.a(timeout.c.obj)
                0x00007e28                z_add_timeout
 .text.z_abort_timeout
                0x00007fd0       0x9c zephyr/kernel/libkernel.a(timeout.c.obj)
                0x00007fd0                z_abort_timeout
 .text.z_get_next_timeout_expiry
                0x0000806c       0x90 zephyr/kernel/libkernel.a(timeout.c.obj)
                0x0000806c                z_get_next_timeout_expiry
 .text.z_set_timeout_expiry
                0x000080fc       0xa0 zephyr/kernel/libkernel.a(timeout.c.obj)
                0x000080fc                z_set_timeout_expiry
 .text.sys_clock_announce
                0x0000819c      0x198 zephyr/kernel/libkernel.a(timeout.c.obj)
                0x0000819c                sys_clock_announce
 .text.sys_clock_tick_get
                0x00008334       0xa0 zephyr/kernel/libkernel.a(timeout.c.obj)
                0x00008334                sys_clock_tick_get
 .text.z_timer_expiration_handler
                0x000083d4      0x168 zephyr/kernel/libkernel.a(timer.c.obj)
                0x000083d4                z_timer_expiration_handler
 .text.z_impl_k_timer_start
                0x0000853c       0xc0 zephyr/kernel/libkernel.a(timer.c.obj)
                0x0000853c                z_impl_k_timer_start
 .text.boot_banner
                0x000085fc       0x18 zephyr/kernel/libkernel.a(banner.c.obj)
                0x000085fc                boot_banner
 .text.nrf_cc3xx_platform_init_no_rng
                0x00008614       0x38 C:/Users/leosm/ncs/v1.9.1/nrfxlib/crypto/nrf_cc310_platform/lib/cortex-m4/soft-float/no-interrupts/libnrf_cc310_platform_0.9.13.a(nrf_cc3xx_platform.c.obj)
                0x00008614                nrf_cc3xx_platform_init_no_rng
 .text.nrf_cc3xx_platform_abort
                0x0000864c       0x24 C:/Users/leosm/ncs/v1.9.1/nrfxlib/crypto/nrf_cc310_platform/lib/cortex-m4/soft-float/no-interrupts/libnrf_cc310_platform_0.9.13.a(nrf_cc3xx_platform_abort.c.obj)
 .text.CC_PalAbort
                0x00008670       0x40 C:/Users/leosm/ncs/v1.9.1/nrfxlib/crypto/nrf_cc310_platform/lib/cortex-m4/soft-float/no-interrupts/libnrf_cc310_platform_0.9.13.a(nrf_cc3xx_platform_abort.c.obj)
                0x00008670                CC_PalAbort
 .text.nrf_cc3xx_platform_set_abort
                0x000086b0       0x10 C:/Users/leosm/ncs/v1.9.1/nrfxlib/crypto/nrf_cc310_platform/lib/cortex-m4/soft-float/no-interrupts/libnrf_cc310_platform_0.9.13.a(nrf_cc3xx_platform_abort.c.obj)
                0x000086b0                nrf_cc3xx_platform_set_abort
 .text.mutex_free
                0x000086c0       0x28 C:/Users/leosm/ncs/v1.9.1/nrfxlib/crypto/nrf_cc310_platform/lib/cortex-m4/soft-float/no-interrupts/libnrf_cc310_platform_0.9.13.a(nrf_cc3xx_platform_mutex.c.obj)
 .text.mutex_unlock
                0x000086e8       0x2c C:/Users/leosm/ncs/v1.9.1/nrfxlib/crypto/nrf_cc310_platform/lib/cortex-m4/soft-float/no-interrupts/libnrf_cc310_platform_0.9.13.a(nrf_cc3xx_platform_mutex.c.obj)
 .text.mutex_init
                0x00008714       0x1c C:/Users/leosm/ncs/v1.9.1/nrfxlib/crypto/nrf_cc310_platform/lib/cortex-m4/soft-float/no-interrupts/libnrf_cc310_platform_0.9.13.a(nrf_cc3xx_platform_mutex.c.obj)
 .text.mutex_lock
                0x00008730       0x44 C:/Users/leosm/ncs/v1.9.1/nrfxlib/crypto/nrf_cc310_platform/lib/cortex-m4/soft-float/no-interrupts/libnrf_cc310_platform_0.9.13.a(nrf_cc3xx_platform_mutex.c.obj)
 .text.nrf_cc3xx_platform_set_mutexes
                0x00008774       0x60 C:/Users/leosm/ncs/v1.9.1/nrfxlib/crypto/nrf_cc310_platform/lib/cortex-m4/soft-float/no-interrupts/libnrf_cc310_platform_0.9.13.a(nrf_cc3xx_platform_mutex.c.obj)
                0x00008774                nrf_cc3xx_platform_set_mutexes
 .text.CC_LibInitNoRng
                0x000087d4       0x6c C:/Users/leosm/ncs/v1.9.1/nrfxlib/crypto/nrf_cc310_platform/lib/cortex-m4/soft-float/no-interrupts/libnrf_cc310_platform_0.9.13.a(cc_lib.c.obj)
                0x000087d4                CC_LibInitNoRng
 .text.CC_HalInit
                0x00008840        0x4 C:/Users/leosm/ncs/v1.9.1/nrfxlib/crypto/nrf_cc310_platform/lib/cortex-m4/soft-float/no-interrupts/libnrf_cc310_platform_0.9.13.a(cc_hal.c.obj)
                0x00008840                CC_HalInit
 .text.CC_HalTerminate
                0x00008844        0x4 C:/Users/leosm/ncs/v1.9.1/nrfxlib/crypto/nrf_cc310_platform/lib/cortex-m4/soft-float/no-interrupts/libnrf_cc310_platform_0.9.13.a(cc_hal.c.obj)
                0x00008844                CC_HalTerminate
 .text.CC_HalMaskInterrupt
                0x00008848        0xc C:/Users/leosm/ncs/v1.9.1/nrfxlib/crypto/nrf_cc310_platform/lib/cortex-m4/soft-float/no-interrupts/libnrf_cc310_platform_0.9.13.a(cc_hal.c.obj)
                0x00008848                CC_HalMaskInterrupt
 .text.CC_PalInit
                0x00008854       0x5c C:/Users/leosm/ncs/v1.9.1/nrfxlib/crypto/nrf_cc310_platform/lib/cortex-m4/soft-float/no-interrupts/libnrf_cc310_platform_0.9.13.a(cc_pal.c.obj)
                0x00008854                CC_PalInit
 .text.CC_PalTerminate
                0x000088b0       0x34 C:/Users/leosm/ncs/v1.9.1/nrfxlib/crypto/nrf_cc310_platform/lib/cortex-m4/soft-float/no-interrupts/libnrf_cc310_platform_0.9.13.a(cc_pal.c.obj)
                0x000088b0                CC_PalTerminate
 .text.CC_PalDmaInit
                0x000088e4        0x4 C:/Users/leosm/ncs/v1.9.1/nrfxlib/crypto/nrf_cc310_platform/lib/cortex-m4/soft-float/no-interrupts/libnrf_cc310_platform_0.9.13.a(cc_pal_dma.c.obj)
                0x000088e4                CC_PalDmaInit
 .text.CC_PalDmaTerminate
                0x000088e8        0x4 C:/Users/leosm/ncs/v1.9.1/nrfxlib/crypto/nrf_cc310_platform/lib/cortex-m4/soft-float/no-interrupts/libnrf_cc310_platform_0.9.13.a(cc_pal_dma.c.obj)
                0x000088e8                CC_PalDmaTerminate
 .text.CC_PalMutexCreate
                0x000088ec       0x14 C:/Users/leosm/ncs/v1.9.1/nrfxlib/crypto/nrf_cc310_platform/lib/cortex-m4/soft-float/no-interrupts/libnrf_cc310_platform_0.9.13.a(cc_pal_mutex.c.obj)
                0x000088ec                CC_PalMutexCreate
 .text.CC_PalMutexDestroy
                0x00008900       0x14 C:/Users/leosm/ncs/v1.9.1/nrfxlib/crypto/nrf_cc310_platform/lib/cortex-m4/soft-float/no-interrupts/libnrf_cc310_platform_0.9.13.a(cc_pal_mutex.c.obj)
                0x00008900                CC_PalMutexDestroy
 .text.CC_PalPowerSaveModeInit
                0x00008914       0x3c C:/Users/leosm/ncs/v1.9.1/nrfxlib/crypto/nrf_cc310_platform/lib/cortex-m4/soft-float/no-interrupts/libnrf_cc310_platform_0.9.13.a(cc_pal_pm.c.obj)
                0x00008914                CC_PalPowerSaveModeInit
 .text.CC_PalPowerSaveModeSelect
                0x00008950       0x84 C:/Users/leosm/ncs/v1.9.1/nrfxlib/crypto/nrf_cc310_platform/lib/cortex-m4/soft-float/no-interrupts/libnrf_cc310_platform_0.9.13.a(cc_pal_pm.c.obj)
                0x00008950                CC_PalPowerSaveModeSelect
 .text.k_msleep
                0x000089d4       0x2a app/libapp.a(main.c.obj)
 .text.sys_notify_validate
                0x000089fe       0x22 zephyr/libzephyr.a(notify.c.obj)
                0x000089fe                sys_notify_validate
 .text.arch_printk_char_out
                0x00008a20        0x4 zephyr/libzephyr.a(printk.c.obj)
                0x00008a20                arch_printk_char_out
 .text.printk   0x00008a24       0x1a zephyr/libzephyr.a(printk.c.obj)
                0x00008a24                printk
 .text.process_recheck
                0x00008a3e       0x38 zephyr/libzephyr.a(onoff.c.obj)
 .text.notify_one
                0x00008a76       0x2c zephyr/libzephyr.a(onoff.c.obj)
 .text.validate_args
                0x00008aa2       0x1e zephyr/libzephyr.a(onoff.c.obj)
 .text.onoff_manager_init
                0x00008ac0       0x26 zephyr/libzephyr.a(onoff.c.obj)
                0x00008ac0                onoff_manager_init
 .text.z_thread_entry
                0x00008ae6       0x14 zephyr/libzephyr.a(thread_entry.c.obj)
                0x00008ae6                z_thread_entry
 .text.encode_uint
                0x00008afa       0x96 zephyr/libzephyr.a(cbprintf_complete.c.obj)
 .text.outs     0x00008b90       0x2c zephyr/libzephyr.a(cbprintf_complete.c.obj)
 .text.assert_post_action
                0x00008bbc        0xe zephyr/libzephyr.a(assert.c.obj)
                0x00008bbc                assert_post_action
 .text._ConfigAbsSyms
                0x00008bca        0x2 zephyr/libzephyr.a(configs.c.obj)
                0x00008bca                _ConfigAbsSyms
 .text.pm_policy_next_state
                0x00008bcc        0xa zephyr/libzephyr.a(residency.c.obj)
                0x00008bcc                pm_policy_next_state
 .text.abort_function
                0x00008bd6        0x8 zephyr/libzephyr.a(nrf_cc3xx_platform_abort_zephyr.c.obj)
 .text.z_arm_fatal_error
                0x00008bde        0x4 zephyr/arch/arch/arm/core/aarch32/libarch__arm__core__aarch32.a(fatal.c.obj)
                0x00008bde                z_arm_fatal_error
 .text.z_do_kernel_oops
                0x00008be2        0x8 zephyr/arch/arch/arm/core/aarch32/libarch__arm__core__aarch32.a(fatal.c.obj)
                0x00008be2                z_do_kernel_oops
 .text.z_irq_spurious
                0x00008bea        0x8 zephyr/arch/arch/arm/core/aarch32/libarch__arm__core__aarch32.a(irq_manage.c.obj)
                0x00008bea                z_irq_spurious
 .text.z_arm_nmi
                0x00008bf2        0xe zephyr/arch/arch/arm/core/aarch32/libarch__arm__core__aarch32.a(nmi.c.obj)
                0x00008bf2                z_arm_nmi
 .text.strlen   0x00008c00        0xe zephyr/lib/libc/minimal/liblib__libc__minimal.a(string.c.obj)
                0x00008c00                strlen
 .text.strnlen  0x00008c0e       0x12 zephyr/lib/libc/minimal/liblib__libc__minimal.a(string.c.obj)
                0x00008c0e                strnlen
 .text.strcmp   0x00008c20       0x18 zephyr/lib/libc/minimal/liblib__libc__minimal.a(string.c.obj)
                0x00008c20                strcmp
 .text.memcpy   0x00008c38       0x16 zephyr/lib/libc/minimal/liblib__libc__minimal.a(string.c.obj)
                0x00008c38                memcpy
 .text.memset   0x00008c4e       0x12 zephyr/lib/libc/minimal/liblib__libc__minimal.a(string.c.obj)
                0x00008c4e                memset
 .text._stdout_hook_default
                0x00008c60        0x6 zephyr/lib/libc/minimal/liblib__libc__minimal.a(stdout_console.c.obj)
 .text.fputc    0x00008c66        0x4 zephyr/lib/libc/minimal/liblib__libc__minimal.a(stdout_console.c.obj)
                0x00008c66                fputc
 .text.pm_power_state_set
                0x00008c6a       0x26 zephyr/soc/arm/nordic_nrf/nrf52/libsoc__arm__nordic_nrf__nrf52.a(power.c.obj)
                0x00008c6a                pm_power_state_set
 .text.pm_power_state_exit_post_ops
                0x00008c90       0x16 zephyr/soc/arm/nordic_nrf/nrf52/libsoc__arm__nordic_nrf__nrf52.a(power.c.obj)
                0x00008c90                pm_power_state_exit_post_ops
 .text.adc_context_on_timer_expired
                0x00008ca6       0x2e zephyr/drivers/adc/libdrivers__adc.a(adc_nrfx_saadc.c.obj)
 .text.set_starting_state
                0x00008cd4       0x3c zephyr/drivers/clock_control/libdrivers__clock_control.a(clock_control_nrf.c.obj)
 .text.set_on_state
                0x00008d10       0x26 zephyr/drivers/clock_control/libdrivers__clock_control.a(clock_control_nrf.c.obj)
 .text.onoff_started_callback
                0x00008d36        0xc zephyr/drivers/clock_control/libdrivers__clock_control.a(clock_control_nrf.c.obj)
 .text.lfclk_start
                0x00008d42        0x6 zephyr/drivers/clock_control/libdrivers__clock_control.a(clock_control_nrf.c.obj)
 .text.lfclk_stop
                0x00008d48        0x6 zephyr/drivers/clock_control/libdrivers__clock_control.a(clock_control_nrf.c.obj)
 .text.api_stop
                0x00008d4e        0x6 zephyr/drivers/clock_control/libdrivers__clock_control.a(clock_control_nrf.c.obj)
 .text.blocking_start_callback
                0x00008d54        0x6 zephyr/drivers/clock_control/libdrivers__clock_control.a(clock_control_nrf.c.obj)
 .text.api_start
                0x00008d5a       0x36 zephyr/drivers/clock_control/libdrivers__clock_control.a(clock_control_nrf.c.obj)
 .text.gpio_nrfx_port_get_raw
                0x00008d90        0xe zephyr/drivers/gpio/libdrivers__gpio.a(gpio_nrfx.c.obj)
 .text.gpio_nrfx_port_set_masked_raw
                0x00008d9e       0x16 zephyr/drivers/gpio/libdrivers__gpio.a(gpio_nrfx.c.obj)
 .text.gpio_nrfx_port_set_bits_raw
                0x00008db4        0xc zephyr/drivers/gpio/libdrivers__gpio.a(gpio_nrfx.c.obj)
 .text.gpio_nrfx_port_clear_bits_raw
                0x00008dc0        0xc zephyr/drivers/gpio/libdrivers__gpio.a(gpio_nrfx.c.obj)
 .text.gpio_nrfx_port_toggle_bits
                0x00008dcc       0x12 zephyr/drivers/gpio/libdrivers__gpio.a(gpio_nrfx.c.obj)
 .text.any_other_channel_is_active
                0x00008dde       0x2a zephyr/drivers/pwm/libdrivers__pwm.a(pwm_nrfx.c.obj)
 .text.pwm_nrfx_pin_set
                0x00008e08      0x170 zephyr/drivers/pwm/libdrivers__pwm.a(pwm_nrfx.c.obj)
 .text.uarte_nrfx_isr_int
                0x00008f78       0x74 zephyr/drivers/serial/libdrivers__serial.a(uart_nrfx_uarte.c.obj)
 .text.uarte_nrfx_config_get
                0x00008fec       0x10 zephyr/drivers/serial/libdrivers__serial.a(uart_nrfx_uarte.c.obj)
 .text.uarte_nrfx_err_check
                0x00008ffc        0xe zephyr/drivers/serial/libdrivers__serial.a(uart_nrfx_uarte.c.obj)
 .text.is_tx_ready
                0x0000900a       0x20 zephyr/drivers/serial/libdrivers__serial.a(uart_nrfx_uarte.c.obj)
 .text.uarte_nrfx_poll_in
                0x0000902a       0x26 zephyr/drivers/serial/libdrivers__serial.a(uart_nrfx_uarte.c.obj)
 .text.uarte_0_init
                0x00009050       0x1e zephyr/drivers/serial/libdrivers__serial.a(uart_nrfx_uarte.c.obj)
 .text.uarte_1_init
                0x0000906e       0x1e zephyr/drivers/serial/libdrivers__serial.a(uart_nrfx_uarte.c.obj)
 .text.sys_clock_idle_exit
                0x0000908c        0x2 zephyr/drivers/timer/libdrivers__timer.a(sys_clock_init.c.obj)
                0x0000908c                sys_clock_idle_exit
 .text.k_sys_fatal_error_handler
                0x0000908e        0x8 modules/nrf/lib/fatal_error/lib..__nrf__lib__fatal_error.a(fatal_error.c.obj)
                0x0000908e                k_sys_fatal_error_handler
 .text.hw_cc3xx_init_internal
                0x00009096        0x4 modules/nrf/drivers/hw_cc310/lib..__nrf__drivers__hw_cc310.a(hw_cc310.c.obj)
 .text.hw_cc3xx_init
                0x0000909a       0x12 modules/nrf/drivers/hw_cc310/lib..__nrf__drivers__hw_cc310.a(hw_cc310.c.obj)
 .text.nrfx_isr
                0x000090ac        0x2 modules/hal_nordic/nrfx/libmodules__hal_nordic__nrfx.a(nrfx_glue.c.obj)
                0x000090ac                nrfx_isr
 .text.nrfx_busy_wait
                0x000090ae        0x4 modules/hal_nordic/nrfx/libmodules__hal_nordic__nrfx.a(nrfx_glue.c.obj)
                0x000090ae                nrfx_busy_wait
 .text.nrf_gpio_pin_present_check
                0x000090b2       0x22 modules/hal_nordic/nrfx/libmodules__hal_nordic__nrfx.a(nrfx_gpiote.c.obj)
 .text.nrf_gpiote_in_event_get
                0x000090d4        0x8 modules/hal_nordic/nrfx/libmodules__hal_nordic__nrfx.a(nrfx_gpiote.c.obj)
 .text.nrf_gpio_reconfigure
                0x000090dc       0x96 modules/hal_nordic/nrfx/libmodules__hal_nordic__nrfx.a(nrfx_gpiote.c.obj)
 .text.nrf_gpio_cfg_sense_set
                0x00009172       0x1e modules/hal_nordic/nrfx/libmodules__hal_nordic__nrfx.a(nrfx_gpiote.c.obj)
 .text.start_playback.isra.0
                0x00009190       0x46 modules/hal_nordic/nrfx/libmodules__hal_nordic__nrfx.a(nrfx_pwm.c.obj)
 .text.z_device_state_init
                0x000091d6        0x2 zephyr/kernel/libkernel.a(device.c.obj)
                0x000091d6                z_device_state_init
 .text.z_device_ready
                0x000091d8       0x14 zephyr/kernel/libkernel.a(device.c.obj)
                0x000091d8                z_device_ready
 .text.k_mem_slab_init
                0x000091ec       0x38 zephyr/kernel/libkernel.a(mem_slab.c.obj)
                0x000091ec                k_mem_slab_init
 .text.k_is_in_isr
                0x00009224        0xc zephyr/kernel/libkernel.a(thread.c.obj)
                0x00009224                k_is_in_isr
 .text.z_pm_save_idle_exit
                0x00009230        0xe zephyr/kernel/libkernel.a(idle.c.obj)
                0x00009230                z_pm_save_idle_exit
 .text.z_impl_k_mutex_init
                0x0000923e        0xe zephyr/kernel/libkernel.a(mutex.c.obj)
                0x0000923e                z_impl_k_mutex_init
 .text.z_impl_k_sem_init
                0x0000924c       0x18 zephyr/kernel/libkernel.a(sem.c.obj)
                0x0000924c                z_impl_k_sem_init
 .text.z_reschedule_irqlock
                0x00009264       0x18 zephyr/kernel/libkernel.a(sched.c.obj)
                0x00009264                z_reschedule_irqlock
 .text.z_reschedule_unlocked
                0x0000927c       0x14 zephyr/kernel/libkernel.a(sched.c.obj)
 .text.z_priq_dumb_best
                0x00009290       0x14 zephyr/kernel/libkernel.a(sched.c.obj)
                0x00009290                z_priq_dumb_best
 .text.sys_clock_tick_get_32
                0x000092a4        0x8 zephyr/kernel/libkernel.a(timeout.c.obj)
                0x000092a4                sys_clock_tick_get_32
 .text.z_impl_k_uptime_ticks
                0x000092ac        0x4 zephyr/kernel/libkernel.a(timeout.c.obj)
                0x000092ac                z_impl_k_uptime_ticks
 .text.z_impl_k_busy_wait
                0x000092b0        0x8 zephyr/kernel/libkernel.a(timeout.c.obj)
                0x000092b0                z_impl_k_busy_wait
 .text.z_impl_k_timer_stop
                0x000092b8       0x3a zephyr/kernel/libkernel.a(timer.c.obj)
                0x000092b8                z_impl_k_timer_stop
 .text._OffsetAbsSyms
                0x000092f2        0x2 zephyr/CMakeFiles/offsets.dir/./arch/arm/core/offsets/offsets.c.obj
                0x000092f2                _OffsetAbsSyms
 *(SORT_BY_ALIGNMENT(.TEXT.*))
 .TEXT.z_arm_platform_init
                0x000092f4        0x4 zephyr/libzephyr.a(soc_nrf_common.S.obj)
                0x000092f4                z_arm_platform_init
 *(SORT_BY_ALIGNMENT(.gnu.linkonce.t.*))
 *(SORT_BY_ALIGNMENT(.glue_7t))
 .glue_7t       0x000092f8        0x0 linker stubs
 *(SORT_BY_ALIGNMENT(.glue_7))
 .glue_7        0x000092f8        0x0 linker stubs
 *(SORT_BY_ALIGNMENT(.vfp11_veneer))
 .vfp11_veneer  0x000092f8        0x0 linker stubs
 *(SORT_BY_ALIGNMENT(.v4_bx))
 .v4_bx         0x000092f8        0x0 linker stubs
                0x000092f8                __text_region_end = .

.ARM.exidx      0x000092f8        0x8
                0x000092f8                __exidx_start = .
 *(SORT_BY_ALIGNMENT(.ARM.exidx*) SORT_BY_ALIGNMENT(gnu.linkonce.armexidx.*))
 .ARM.exidx     0x000092f8        0x8 c:/users/leosm/ncs/v1.9.1/toolchain/opt/bin/../lib/gcc/arm-none-eabi/9.2.1/thumb/v7e-m/nofp\libgcc.a(_udivmoddi4.o)
                0x00009300                __exidx_end = .
                0x00009300                __rodata_region_start = .

initlevel       0x00009300       0x68
                0x00009300                __init_start = .
                0x00009300                __init_PRE_KERNEL_1_start = .
 *(SORT_BY_NAME(SORT_BY_ALIGNMENT(.z_init_PRE_KERNEL_1[0-9]_*)))
 .z_init_PRE_KERNEL_10_
                0x00009300        0x8 zephyr/soc/arm/nordic_nrf/nrf52/libsoc__arm__nordic_nrf__nrf52.a(soc.c.obj)
 *(SORT_BY_NAME(SORT_BY_ALIGNMENT(.z_init_PRE_KERNEL_1[1-9][0-9]_*)))
 .z_init_PRE_KERNEL_130_
                0x00009308        0x8 zephyr/drivers/clock_control/libdrivers__clock_control.a(clock_control_nrf.c.obj)
 .z_init_PRE_KERNEL_130_
                0x00009310        0x8 zephyr/kernel/libkernel.a(mem_slab.c.obj)
 .z_init_PRE_KERNEL_140_
                0x00009318       0x10 zephyr/drivers/gpio/libdrivers__gpio.a(gpio_nrfx.c.obj)
 .z_init_PRE_KERNEL_140_
                0x00009328        0x8 modules/nrf/drivers/hw_cc310/lib..__nrf__drivers__hw_cc310.a(hw_cc310.c.obj)
 .z_init_PRE_KERNEL_155_
                0x00009330       0x10 zephyr/drivers/serial/libdrivers__serial.a(uart_nrfx_uarte.c.obj)
 .z_init_PRE_KERNEL_160_
                0x00009340        0x8 zephyr/drivers/console/libdrivers__console.a(uart_console.c.obj)
                0x00009348                __init_PRE_KERNEL_2_start = .
 *(SORT_BY_NAME(SORT_BY_ALIGNMENT(.z_init_PRE_KERNEL_2[0-9]_*)))
 .z_init_PRE_KERNEL_20_
                0x00009348        0x8 zephyr/drivers/timer/libdrivers__timer.a(nrf_rtc_timer.c.obj)
 *(SORT_BY_NAME(SORT_BY_ALIGNMENT(.z_init_PRE_KERNEL_2[1-9][0-9]_*)))
                0x00009350                __init_POST_KERNEL_start = .
 *(SORT_BY_NAME(SORT_BY_ALIGNMENT(.z_init_POST_KERNEL[0-9]_*)))
 *(SORT_BY_NAME(SORT_BY_ALIGNMENT(.z_init_POST_KERNEL[1-9][0-9]_*)))
 .z_init_POST_KERNEL40_
                0x00009350        0x8 modules/nrf/drivers/hw_cc310/lib..__nrf__drivers__hw_cc310.a(hw_cc310.c.obj)
 .z_init_POST_KERNEL50_
                0x00009358        0x8 zephyr/drivers/adc/libdrivers__adc.a(adc_nrfx_saadc.c.obj)
 .z_init_POST_KERNEL50_
                0x00009360        0x8 zephyr/drivers/pwm/libdrivers__pwm.a(pwm_nrfx.c.obj)
                0x00009368                __init_APPLICATION_start = .
 *(SORT_BY_NAME(SORT_BY_ALIGNMENT(.z_init_APPLICATION[0-9]_*)))
 *(SORT_BY_NAME(SORT_BY_ALIGNMENT(.z_init_APPLICATION[1-9][0-9]_*)))
                0x00009368                __init_SMP_start = .
 *(SORT_BY_NAME(SORT_BY_ALIGNMENT(.z_init_SMP[0-9]_*)))
 *(SORT_BY_NAME(SORT_BY_ALIGNMENT(.z_init_SMP[1-9][0-9]_*)))
                0x00009368                __init_end = .

devices         0x00009368       0xa8
                0x00009368                __device_start = .
                0x00009368                __device_PRE_KERNEL_1_start = .
 *(SORT_BY_NAME(SORT_BY_ALIGNMENT(.z_device_PRE_KERNEL_1[0-9]_*)))
 *(SORT_BY_NAME(SORT_BY_ALIGNMENT(.z_device_PRE_KERNEL_1[1-9][0-9]_*)))
 .z_device_PRE_KERNEL_130_
                0x00009368       0x18 zephyr/drivers/clock_control/libdrivers__clock_control.a(clock_control_nrf.c.obj)
                0x00009368                __device_dts_ord_27
 .z_device_PRE_KERNEL_140_
                0x00009380       0x30 zephyr/drivers/gpio/libdrivers__gpio.a(gpio_nrfx.c.obj)
                0x00009380                __device_dts_ord_11
                0x00009398                __device_dts_ord_54
 .z_device_PRE_KERNEL_155_
                0x000093b0       0x30 zephyr/drivers/serial/libdrivers__serial.a(uart_nrfx_uarte.c.obj)
                0x000093b0                __device_dts_ord_63
                0x000093c8                __device_dts_ord_62
                0x000093e0                __device_PRE_KERNEL_2_start = .
 *(SORT_BY_NAME(SORT_BY_ALIGNMENT(.z_device_PRE_KERNEL_2[0-9]_*)))
 *(SORT_BY_NAME(SORT_BY_ALIGNMENT(.z_device_PRE_KERNEL_2[1-9][0-9]_*)))
                0x000093e0                __device_POST_KERNEL_start = .
 *(SORT_BY_NAME(SORT_BY_ALIGNMENT(.z_device_POST_KERNEL[0-9]_*)))
 *(SORT_BY_NAME(SORT_BY_ALIGNMENT(.z_device_POST_KERNEL[1-9][0-9]_*)))
 .z_device_POST_KERNEL50_
                0x000093e0       0x18 zephyr/drivers/adc/libdrivers__adc.a(adc_nrfx_saadc.c.obj)
                0x000093e0                __device_dts_ord_26
 .z_device_POST_KERNEL50_
                0x000093f8       0x18 zephyr/drivers/pwm/libdrivers__pwm.a(pwm_nrfx.c.obj)
                0x000093f8                __device_dts_ord_24
                0x00009410                __device_APPLICATION_start = .
 *(SORT_BY_NAME(SORT_BY_ALIGNMENT(.z_device_APPLICATION[0-9]_*)))
 *(SORT_BY_NAME(SORT_BY_ALIGNMENT(.z_device_APPLICATION[1-9][0-9]_*)))
                0x00009410                __device_SMP_start = .
 *(SORT_BY_NAME(SORT_BY_ALIGNMENT(.z_device_SMP[0-9]_*)))
 *(SORT_BY_NAME(SORT_BY_ALIGNMENT(.z_device_SMP[1-9][0-9]_*)))
                0x00009410                __device_end = .

sw_isr_table    0x00009410      0x180
                0x00009410                . = ALIGN (0x0)
 *(SORT_BY_ALIGNMENT(.gnu.linkonce.sw_isr_table*))
 .gnu.linkonce.sw_isr_table
                0x00009410      0x180 zephyr/arch/common/libisr_tables.a(isr_tables.c.obj)
                0x00009410                _sw_isr_table

initlevel_error
                0x00009300        0x0
 *(SORT_BY_NAME(SORT_BY_ALIGNMENT(.z_init_[_A-Z0-9]*)))
                0x00000001                ASSERT ((SIZEOF (initlevel_error) == 0x0), Undefined initialization levels used.)

app_shmem_regions
                0x00009590        0x0
                0x00009590                __app_shmem_regions_start = .
 *(SORT_BY_NAME(SORT_BY_ALIGNMENT(.app_regions.*)))
                0x00009590                __app_shmem_regions_end = .

bt_l2cap_fixed_chan_area
                0x00009590        0x0
                0x00009590                _bt_l2cap_fixed_chan_list_start = .
 *(SORT_BY_NAME(SORT_BY_ALIGNMENT(._bt_l2cap_fixed_chan.static.*)))
                0x00009590                _bt_l2cap_fixed_chan_list_end = .

bt_gatt_service_static_area
                0x00009590        0x0
                0x00009590                _bt_gatt_service_static_list_start = .
 *(SORT_BY_NAME(SORT_BY_ALIGNMENT(._bt_gatt_service_static.static.*)))
                0x00009590                _bt_gatt_service_static_list_end = .

k_p4wq_initparam_area
                0x00009590        0x0
                0x00009590                _k_p4wq_initparam_list_start = .
 *(SORT_BY_NAME(SORT_BY_ALIGNMENT(._k_p4wq_initparam.static.*)))
                0x00009590                _k_p4wq_initparam_list_end = .

log_strings_sections
                0x00009590        0x0
                0x00009590                __log_strings_start = .
 *(SORT_BY_NAME(SORT_BY_ALIGNMENT(.log_strings*)))
                0x00009590                __log_strings_end = .

log_const_sections
                0x00009590        0x0
                0x00009590                __log_const_start = .
 *(SORT_BY_NAME(SORT_BY_ALIGNMENT(.log_const_*)))
                0x00009590                __log_const_end = .

log_backends_sections
                0x00009590        0x0
                0x00009590                __log_backends_start = .
 *(SORT_BY_ALIGNMENT(._log_backend.*))
                0x00009590                __log_backends_end = .

shell_area      0x00009590        0x0
                0x00009590                _shell_list_start = .
 *(SORT_BY_NAME(SORT_BY_ALIGNMENT(._shell.static.*)))
                0x00009590                _shell_list_end = .

shell_root_cmds_sections
                0x00009590        0x0
                0x00009590                __shell_root_cmds_start = .
 *(SORT_BY_NAME(SORT_BY_ALIGNMENT(.shell_root_cmd_*)))
                0x00009590                __shell_root_cmds_end = .

font_entry_sections
                0x00009590        0x0
                0x00009590                __font_entry_start = .
 *(SORT_BY_NAME(SORT_BY_ALIGNMENT(._cfb_font.*)))
                0x00009590                __font_entry_end = .

tracing_backend_area
                0x00009590        0x0
                0x00009590                _tracing_backend_list_start = .
 *(SORT_BY_NAME(SORT_BY_ALIGNMENT(._tracing_backend.static.*)))
                0x00009590                _tracing_backend_list_end = .

zephyr_dbg_info
 *(SORT_BY_ALIGNMENT(.dbg_thread_info))

device_handles  0x00009590       0x56
                0x00009590                __device_handles_start = .
 *(SORT_BY_NAME(SORT_BY_ALIGNMENT(.__device_handles_pass1*)))
 .__device_handles_pass1
                0x00009590        0xa zephyr/drivers/adc/libdrivers__adc.a(adc_nrfx_saadc.c.obj)
                0x00009590                __devicehdl_DT_N_S_soc_S_adc_40007000
 .__device_handles_pass1
                0x0000959a        0xa zephyr/drivers/clock_control/libdrivers__clock_control.a(clock_control_nrf.c.obj)
                0x0000959a                __devicehdl_DT_N_S_soc_S_clock_40000000
 .__device_handles_pass1
                0x000095a4       0x22 zephyr/drivers/gpio/libdrivers__gpio.a(gpio_nrfx.c.obj)
                0x000095a4                __devicehdl_DT_N_S_soc_S_gpio_50000300
                0x000095ae                __devicehdl_DT_N_S_soc_S_gpio_50000000
 .__device_handles_pass1
                0x000095c6        0xc zephyr/drivers/pwm/libdrivers__pwm.a(pwm_nrfx.c.obj)
                0x000095c6                __devicehdl_DT_N_S_soc_S_pwm_4001c000
 .__device_handles_pass1
                0x000095d2       0x14 zephyr/drivers/serial/libdrivers__serial.a(uart_nrfx_uarte.c.obj)
                0x000095d2                __devicehdl_DT_N_S_soc_S_uart_40028000
                0x000095dc                __devicehdl_DT_N_S_soc_S_uart_40002000
                0x000095e6                __device_handles_end = .

rodata          0x000095f0     0x1578
 *(SORT_BY_ALIGNMENT(.rodata))
 *(SORT_BY_ALIGNMENT(.rodata.*))
 .rodata.delay_machine_code.12406
                0x000095f0        0x6 zephyr/soc/arm/nordic_nrf/nrf52/libsoc__arm__nordic_nrf__nrf52.a(soc.c.obj)
 *fill*         0x000095f6        0x2 
 .rodata.apis   0x000095f8        0x8 zephyr/libzephyr.a(nrf_cc3xx_platform_abort_zephyr.c.obj)
 .rodata.mutex_apis
                0x00009600       0x10 zephyr/libzephyr.a(nrf_cc3xx_platform_mutex_zephyr.c.obj)
 .rodata.mutexes
                0x00009610       0x14 zephyr/libzephyr.a(nrf_cc3xx_platform_mutex_zephyr.c.obj)
 .rodata.static_regions
                0x00009624        0xc zephyr/arch/arch/arm/core/aarch32/mpu/libarch__arm__core__aarch32__mpu.a(arm_core_mpu.c.obj)
 .rodata.mpu_config
                0x00009630        0x8 zephyr/soc/arm/common/cortex_m/libsoc__arm__common__cortex_m.a(arm_mpu_regions.c.obj)
                0x00009630                mpu_config
 .rodata.mpu_regions
                0x00009638       0x18 zephyr/soc/arm/common/cortex_m/libsoc__arm__common__cortex_m.a(arm_mpu_regions.c.obj)
 .rodata.adc_nrfx_driver_api
                0x00009650        0xc zephyr/drivers/adc/libdrivers__adc.a(adc_nrfx_saadc.c.obj)
 .rodata.clock_control_api
                0x0000965c       0x18 zephyr/drivers/clock_control/libdrivers__clock_control.a(clock_control_nrf.c.obj)
 .rodata.config
                0x00009674       0x10 zephyr/drivers/clock_control/libdrivers__clock_control.a(clock_control_nrf.c.obj)
 .rodata.transitions.11164
                0x00009684        0xc zephyr/drivers/clock_control/libdrivers__clock_control.a(clock_control_nrf.c.obj)
 .rodata.gpio_nrfx_drv_api_funcs
                0x00009690       0x24 zephyr/drivers/gpio/libdrivers__gpio.a(gpio_nrfx.c.obj)
 .rodata.gpio_nrfx_p0_cfg
                0x000096b4       0x10 zephyr/drivers/gpio/libdrivers__gpio.a(gpio_nrfx.c.obj)
 .rodata.gpio_nrfx_p1_cfg
                0x000096c4       0x10 zephyr/drivers/gpio/libdrivers__gpio.a(gpio_nrfx.c.obj)
 .rodata.pwm_nrfx_0config
                0x000096d4       0x28 zephyr/drivers/pwm/libdrivers__pwm.a(pwm_nrfx.c.obj)
 .rodata.pwm_nrfx_drv_api_funcs
                0x000096fc        0x8 zephyr/drivers/pwm/libdrivers__pwm.a(pwm_nrfx.c.obj)
 .rodata.uart_nrfx_uarte_driver_api
                0x00009704       0x14 zephyr/drivers/serial/libdrivers__serial.a(uart_nrfx_uarte.c.obj)
 .rodata.uarte_0z_config
                0x00009718       0x20 zephyr/drivers/serial/libdrivers__serial.a(uart_nrfx_uarte.c.obj)
 .rodata.uarte_1z_config
                0x00009738       0x20 zephyr/drivers/serial/libdrivers__serial.a(uart_nrfx_uarte.c.obj)
 .rodata.levels.9429
                0x00009758       0x14 zephyr/kernel/libkernel.a(device.c.obj)
 .rodata._k_neg_eagain
                0x0000976c        0x4 zephyr/kernel/libkernel.a(errno.c.obj)
                0x0000976c                _k_neg_eagain
 .rodata.CSWTCH.8
                0x00009770       0x1c C:/Users/leosm/ncs/v1.9.1/nrfxlib/crypto/nrf_cc310_platform/lib/cortex-m4/soft-float/no-interrupts/libnrf_cc310_platform_0.9.13.a(nrf_cc3xx_platform.c.obj)
 .rodata.mutex_free.str1.4
                0x0000978c       0x26 C:/Users/leosm/ncs/v1.9.1/nrfxlib/crypto/nrf_cc310_platform/lib/cortex-m4/soft-float/no-interrupts/libnrf_cc310_platform_0.9.13.a(nrf_cc3xx_platform_mutex.c.obj)
 *fill*         0x000097b2        0x2 
 .rodata.mutex_init.str1.4
                0x000097b4       0x23 C:/Users/leosm/ncs/v1.9.1/nrfxlib/crypto/nrf_cc310_platform/lib/cortex-m4/soft-float/no-interrupts/libnrf_cc310_platform_0.9.13.a(nrf_cc3xx_platform_mutex.c.obj)
 *fill*         0x000097d7        0x1 
 .rodata.CC_PalPowerSaveModeInit.str1.4
                0x000097d8       0x20 C:/Users/leosm/ncs/v1.9.1/nrfxlib/crypto/nrf_cc310_platform/lib/cortex-m4/soft-float/no-interrupts/libnrf_cc310_platform_0.9.13.a(cc_pal_pm.c.obj)
 .rodata.my_channel_cfg
                0x000097f8        0x8 app/libapp.a(main.c.obj)
 .rodata.gpio_pin_get.str1.1
                0x00009800       0x97 app/libapp.a(main.c.obj)
 .rodata.thread_A_code.str1.1
                0x00009897       0xad app/libapp.a(main.c.obj)
 .rodata.thread_B_code.str1.1
                0x00009944       0x3a app/libapp.a(main.c.obj)
 .rodata.thread_E_code.str1.1
                0x0000997e       0x6f app/libapp.a(main.c.obj)
 .rodata.thread_C_code.str1.1
                0x000099ed       0x62 app/libapp.a(main.c.obj)
 .rodata.config.str1.1
                0x00009a4f      0x1ae app/libapp.a(main.c.obj)
                                0x1c8 (size before relaxing)
 .rodata.main.str1.1
                0x00009bfd       0xeb app/libapp.a(main.c.obj)
 .rodata.sys_notify_finalize.str1.1
                0x00009ce8       0x23 zephyr/libzephyr.a(notify.c.obj)
                                 0x42 (size before relaxing)
 .rodata.process_event.str1.1
                0x00009d0b      0x122 zephyr/libzephyr.a(onoff.c.obj)
                                0x141 (size before relaxing)
 .rodata.cbvprintf.str1.1
                0x00009e2d        0x6 zephyr/libzephyr.a(cbprintf_complete.c.obj)
 .rodata.sys_reboot.str1.1
                0x00009e33       0x29 zephyr/libzephyr.a(reboot.c.obj)
 .rodata.pm_state_notify.str1.1
                0x00009e5c       0x9c zephyr/libzephyr.a(pm.c.obj)
 .rodata.mutex_free_platform.str1.1
                0x00009e5c       0x26 zephyr/libzephyr.a(nrf_cc3xx_platform_mutex_zephyr.c.obj)
 .rodata.mutex_init_platform.str1.1
                0x00009e82       0x2d zephyr/libzephyr.a(nrf_cc3xx_platform_mutex_zephyr.c.obj)
 .rodata.z_arm_irq_priority_set.str1.1
                0x00009eaf       0x91 zephyr/arch/arch/arm/core/aarch32/libarch__arm__core__aarch32.a(irq_manage.c.obj)
                                 0xae (size before relaxing)
 .rodata.mem_manage_fault.str1.1
                0x00009f40       0xa7 zephyr/arch/arch/arm/core/aarch32/cortex_m/libarch__arm__core__aarch32__cortex_m.a(fault.c.obj)
                                 0xc4 (size before relaxing)
 .rodata.z_arm_fault.str1.1
                0x00009fe7       0xa5 zephyr/arch/arch/arm/core/aarch32/cortex_m/libarch__arm__core__aarch32__cortex_m.a(fault.c.obj)
                                 0xa7 (size before relaxing)
 .rodata.arm_core_mpu_configure_static_mpu_regions.str1.1
                0x0000a08c       0x63 zephyr/arch/arch/arm/core/aarch32/mpu/libarch__arm__core__aarch32__mpu.a(arm_mpu.c.obj)
                                 0x82 (size before relaxing)
 .rodata.arm_core_mpu_configure_dynamic_mpu_regions.str1.1
                0x0000a0ef       0x2d zephyr/arch/arch/arm/core/aarch32/mpu/libarch__arm__core__aarch32__mpu.a(arm_mpu.c.obj)
 .rodata.z_arm_mpu_init.str1.1
                0x0000a11c       0xa5 zephyr/arch/arch/arm/core/aarch32/mpu/libarch__arm__core__aarch32__mpu.a(arm_mpu.c.obj)
 .rodata.str1.1
                0x0000a1c1        0xf zephyr/soc/arm/common/cortex_m/libsoc__arm__common__cortex_m.a(arm_mpu_regions.c.obj)
 .rodata.CSWTCH.9
                0x0000a1d0        0x6 zephyr/soc/arm/nordic_nrf/nrf52/libsoc__arm__nordic_nrf__nrf52.a(soc.c.obj)
 .rodata.str1.1
                0x0000a1d6        0x6 zephyr/drivers/adc/libdrivers__adc.a(adc_nrfx_saadc.c.obj)
 .rodata.get_status.str1.1
                0x0000a1d6       0x61 zephyr/drivers/clock_control/libdrivers__clock_control.a(clock_control_nrf.c.obj)
                                 0x7e (size before relaxing)
 .rodata.clock_event_handler.str1.1
                0x0000a237        0x2 zephyr/drivers/clock_control/libdrivers__clock_control.a(clock_control_nrf.c.obj)
 .rodata.z_nrf_clock_control_lf_on.str1.1
                0x0000a237        0x9 zephyr/drivers/clock_control/libdrivers__clock_control.a(clock_control_nrf.c.obj)
 .rodata.str1.1
                0x0000a240        0x6 zephyr/drivers/clock_control/libdrivers__clock_control.a(clock_control_nrf.c.obj)
 .rodata.gpio_nrfx_manage_callback.str1.1
                0x0000a246       0x6e zephyr/drivers/gpio/libdrivers__gpio.a(gpio_nrfx.c.obj)
                                 0x8b (size before relaxing)
 .rodata.nrfx_gpio_handler.str1.1
                0x0000a2b4        0xc zephyr/drivers/gpio/libdrivers__gpio.a(gpio_nrfx.c.obj)
 .rodata.gpio_nrfx_pin_interrupt_configure.str1.1
                0x0000a2c0       0x56 zephyr/drivers/gpio/libdrivers__gpio.a(gpio_nrfx.c.obj)
                                 0x58 (size before relaxing)
 .rodata.str1.1
                0x0000a316        0x7 zephyr/drivers/gpio/libdrivers__gpio.a(gpio_nrfx.c.obj)
                                  0xe (size before relaxing)
 .rodata.nrf_gpio_pin_port_decode.str1.1
                0x0000a31d       0x75 zephyr/drivers/pwm/libdrivers__pwm.a(pwm_nrfx.c.obj)
 .rodata.str1.1
                0x0000a31d        0x6 zephyr/drivers/pwm/libdrivers__pwm.a(pwm_nrfx.c.obj)
 .rodata.nrf_gpio_pin_port_decode.str1.1
                0x0000a31d       0x75 zephyr/drivers/serial/libdrivers__serial.a(uart_nrfx_uarte.c.obj)
 .rodata.str1.1
                0x0000a31d        0xe zephyr/drivers/serial/libdrivers__serial.a(uart_nrfx_uarte.c.obj)
 .rodata.CSWTCH.14
                0x0000a32b        0x6 modules/hal_nordic/nrfx/libmodules__hal_nordic__nrfx.a(system_nrf52840.c.obj)
 .rodata.CSWTCH.5
                0x0000a331        0x6 modules/hal_nordic/nrfx/libmodules__hal_nordic__nrfx.a(system_nrf52840.c.obj)
 .rodata.nrf_clock_is_running.constprop.0.str1.1
                0x0000a337       0x34 modules/hal_nordic/nrfx/libmodules__hal_nordic__nrfx.a(nrfx_clock.c.obj)
                                 0x53 (size before relaxing)
 .rodata.nrfx_clock_init.str1.1
                0x0000a36b       0x4b modules/hal_nordic/nrfx/libmodules__hal_nordic__nrfx.a(nrfx_clock.c.obj)
 .rodata.nrfx_clock_enable.str1.1
                0x0000a3b6       0x1e modules/hal_nordic/nrfx/libmodules__hal_nordic__nrfx.a(nrfx_clock.c.obj)
 .rodata.legacy_handler.str1.1
                0x0000a3d4       0x64 modules/hal_nordic/nrfx/libmodules__hal_nordic__nrfx.a(nrfx_gpiote.c.obj)
                                 0x81 (size before relaxing)
 .rodata.release_handler.str1.1
                0x0000a438       0x14 modules/hal_nordic/nrfx/libmodules__hal_nordic__nrfx.a(nrfx_gpiote.c.obj)
 .rodata.nrf_gpio_pin_port_decode.str1.1
                0x0000a44c       0x58 modules/hal_nordic/nrfx/libmodules__hal_nordic__nrfx.a(nrfx_gpiote.c.obj)
 .rodata.nrfx_gpiote_channel_get.str1.1
                0x0000a44c        0xa modules/hal_nordic/nrfx/libmodules__hal_nordic__nrfx.a(nrfx_gpiote.c.obj)
 .rodata.nrfx_gpiote_trigger_enable.str1.1
                0x0000a456       0x20 modules/hal_nordic/nrfx/libmodules__hal_nordic__nrfx.a(nrfx_gpiote.c.obj)
 .rodata.nrf_pwm_sequence_set.str1.1
                0x0000a476       0xcd modules/hal_nordic/nrfx/libmodules__hal_nordic__nrfx.a(nrfx_pwm.c.obj)
                                 0xea (size before relaxing)
 .rodata.nrf_gpio_pin_port_decode.str1.1
                0x0000a543       0x58 modules/hal_nordic/nrfx/libmodules__hal_nordic__nrfx.a(nrfx_pwm.c.obj)
 .rodata.nrfx_pwm_init.str1.1
                0x0000a543       0x65 modules/hal_nordic/nrfx/libmodules__hal_nordic__nrfx.a(nrfx_pwm.c.obj)
 .rodata.nrfx_pwm_uninit.str1.1
                0x0000a5a8       0x2c modules/hal_nordic/nrfx/libmodules__hal_nordic__nrfx.a(nrfx_pwm.c.obj)
 .rodata.nrfx_pwm_simple_playback.str1.1
                0x0000a5d4       0x3c modules/hal_nordic/nrfx/libmodules__hal_nordic__nrfx.a(nrfx_pwm.c.obj)
 .rodata.nrfx_pwm_stop.str1.1
                0x0000a610       0x45 modules/hal_nordic/nrfx/libmodules__hal_nordic__nrfx.a(nrfx_pwm.c.obj)
 .rodata.z_fatal_error.str1.1
                0x0000a655       0x74 zephyr/kernel/libkernel.a(fatal.c.obj)
                                 0x91 (size before relaxing)
 .rodata.z_cstart.str1.1
                0x0000a6c9        0x5 zephyr/kernel/libkernel.a(init.c.obj)
 .rodata.init_mem_slab_module.str1.1
                0x0000a6ce       0x61 zephyr/kernel/libkernel.a(mem_slab.c.obj)
                                 0x7e (size before relaxing)
 .rodata.k_mem_slab_alloc.str1.1
                0x0000a72f       0x7f zephyr/kernel/libkernel.a(mem_slab.c.obj)
 .rodata.z_setup_new_thread.str1.1
                0x0000a72f       0xd4 zephyr/kernel/libkernel.a(thread.c.obj)
                                 0xf1 (size before relaxing)
 .rodata.z_impl_k_thread_create.str1.1
                0x0000a803       0x37 zephyr/kernel/libkernel.a(thread.c.obj)
 .rodata.z_init_static_threads.str1.1
                0x0000a83a       0x2d zephyr/kernel/libkernel.a(thread.c.obj)
                                 0x4c (size before relaxing)
 .rodata.idle.str1.1
                0x0000a867       0x49 zephyr/kernel/libkernel.a(idle.c.obj)
                                 0x66 (size before relaxing)
 .rodata.z_impl_k_mutex_lock.str1.1
                0x0000a8b0       0x47 zephyr/kernel/libkernel.a(mutex.c.obj)
                                 0xf5 (size before relaxing)
 .rodata.z_impl_k_mutex_unlock.str1.1
                0x0000a8f7       0x76 zephyr/kernel/libkernel.a(mutex.c.obj)
 .rodata.z_impl_k_sem_give.str1.1
                0x0000a96d       0x70 zephyr/kernel/libkernel.a(sem.c.obj)
 .rodata.z_impl_k_sem_take.str1.1
                0x0000a96d       0x6d zephyr/kernel/libkernel.a(sem.c.obj)
                                 0x9c (size before relaxing)
 .rodata.k_sched_time_slice_set.str1.1
                0x0000a9da       0x9c zephyr/kernel/libkernel.a(sched.c.obj)
 .rodata.k_sched_lock.str1.1
                0x0000a9da       0x71 zephyr/kernel/libkernel.a(sched.c.obj)
 .rodata.z_priq_dumb_remove.str1.1
                0x0000a9da       0x43 zephyr/kernel/libkernel.a(sched.c.obj)
 .rodata.unpend_thread_no_timeout.str1.1
                0x0000aa1d       0x17 zephyr/kernel/libkernel.a(sched.c.obj)
 .rodata.update_cache.str1.1
                0x0000aa34       0x27 zephyr/kernel/libkernel.a(sched.c.obj)
 .rodata.k_sched_unlock.str1.1
                0x0000aa5b       0x31 zephyr/kernel/libkernel.a(sched.c.obj)
 .rodata.z_tick_sleep.str1.1
                0x0000aa8c       0x40 zephyr/kernel/libkernel.a(sched.c.obj)
 .rodata.z_thread_abort.str1.1
                0x0000aacc       0x22 zephyr/kernel/libkernel.a(sched.c.obj)
                                 0x24 (size before relaxing)
 .rodata.z_add_timeout.str1.1
                0x0000aaee       0x44 zephyr/kernel/libkernel.a(timeout.c.obj)
                                 0xe3 (size before relaxing)
 .rodata.z_timer_expiration_handler.str1.1
                0x0000ab32       0x9c zephyr/kernel/libkernel.a(timer.c.obj)
 .rodata.boot_banner.str1.1
                0x0000ab32       0x36 zephyr/kernel/libkernel.a(banner.c.obj)
                                 0x37 (size before relaxing)
 *(SORT_BY_ALIGNMENT(.gnu.linkonce.r.*))
                0x0000abd0                . = ALIGN (0x4)
                0x0000ab68                __rodata_region_end = .
                0x0000abe0                . = ALIGN (_region_min_align)
                0x00010000                . = ALIGN ((0x1 << ((__rodata_region_end - __rom_region_start) <= 0x4)?0x2:((__rodata_region_end - __rom_region_start) <= 0x8)?0x3:((__rodata_region_end - __rom_region_start) <= 0x10)?0x4:((__rodata_region_end - __rom_region_start) <= 0x20)?0x5:((__rodata_region_end - __rom_region_start) <= 0x40)?0x6:((__rodata_region_end - __rom_region_start) <= 0x80)?0x7:((__rodata_region_end - __rom_region_start) <= 0x100)?0x8:((__rodata_region_end - __rom_region_start) <= 0x200)?0x9:((__rodata_region_end - __rom_region_start) <= 0x400)?0xa:((__rodata_region_end - __rom_region_start) <= 0x800)?0xb:((__rodata_region_end - __rom_region_start) <= 0x1000)?0xc:((__rodata_region_end - __rom_region_start) <= 0x2000)?0xd:((__rodata_region_end - __rom_region_start) <= 0x4000)?0xe:((__rodata_region_end - __rom_region_start) <= 0x8000)?0xf:((__rodata_region_end - __rom_region_start) <= 0x10000)?0x10:((__rodata_region_end - __rom_region_start) <= 0x20000)?0x11:((__rodata_region_end - __rom_region_start) <= 0x40000)?0x12:((__rodata_region_end - __rom_region_start) <= 0x80000)?0x13:((__rodata_region_end - __rom_region_start) <= 0x100000)?0x14:((__rodata_region_end - __rom_region_start) <= 0x200000)?0x15:((__rodata_region_end - __rom_region_start) <= 0x400000)?0x16:((__rodata_region_end - __rom_region_start) <= 0x800000)?0x17:((__rodata_region_end - __rom_region_start) <= 0x1000000)?0x18:((__rodata_region_end - __rom_region_start) <= 0x2000000)?0x19:((__rodata_region_end - __rom_region_start) <= 0x4000000)?0x1a:((__rodata_region_end - __rom_region_start) <= 0x8000000)?0x1b:((__rodata_region_end - __rom_region_start) <= 0x10000000)?0x1c:((__rodata_region_end - __rom_region_start) <= 0x20000000)?0x1d:((__rodata_region_end - __rom_region_start) <= 0x40000000)?0x1e:((__rodata_region_end - __rom_region_start) <= 0x80000000)?0x1f:0x20))
                0x00010000                __rom_region_end = .
                0x20000000                . = 0x20000000
                0x20000000                . = ALIGN (_region_min_align)
                0x20000000                _image_ram_start = .

.ramfunc        0x20000000        0x0 load address 0x0000ab68
                0x20000000                . = ALIGN (_region_min_align)
                0x20000000                . = ALIGN ((0x1 << (__ramfunc_size <= 0x4)?0x2:(__ramfunc_size <= 0x8)?0x3:(__ramfunc_size <= 0x10)?0x4:(__ramfunc_size <= 0x20)?0x5:(__ramfunc_size <= 0x40)?0x6:(__ramfunc_size <= 0x80)?0x7:(__ramfunc_size <= 0x100)?0x8:(__ramfunc_size <= 0x200)?0x9:(__ramfunc_size <= 0x400)?0xa:(__ramfunc_size <= 0x800)?0xb:(__ramfunc_size <= 0x1000)?0xc:(__ramfunc_size <= 0x2000)?0xd:(__ramfunc_size <= 0x4000)?0xe:(__ramfunc_size <= 0x8000)?0xf:(__ramfunc_size <= 0x10000)?0x10:(__ramfunc_size <= 0x20000)?0x11:(__ramfunc_size <= 0x40000)?0x12:(__ramfunc_size <= 0x80000)?0x13:(__ramfunc_size <= 0x100000)?0x14:(__ramfunc_size <= 0x200000)?0x15:(__ramfunc_size <= 0x400000)?0x16:(__ramfunc_size <= 0x800000)?0x17:(__ramfunc_size <= 0x1000000)?0x18:(__ramfunc_size <= 0x2000000)?0x19:(__ramfunc_size <= 0x4000000)?0x1a:(__ramfunc_size <= 0x8000000)?0x1b:(__ramfunc_size <= 0x10000000)?0x1c:(__ramfunc_size <= 0x20000000)?0x1d:(__ramfunc_size <= 0x40000000)?0x1e:(__ramfunc_size <= 0x80000000)?0x1f:0x20))
                0x20000000                __ramfunc_start = .
 *(SORT_BY_ALIGNMENT(.ramfunc))
 *(SORT_BY_ALIGNMENT(.ramfunc.*))
                0x20000000                . = ALIGN (_region_min_align)
                0x20000000                . = ALIGN ((0x1 << (__ramfunc_size <= 0x4)?0x2:(__ramfunc_size <= 0x8)?0x3:(__ramfunc_size <= 0x10)?0x4:(__ramfunc_size <= 0x20)?0x5:(__ramfunc_size <= 0x40)?0x6:(__ramfunc_size <= 0x80)?0x7:(__ramfunc_size <= 0x100)?0x8:(__ramfunc_size <= 0x200)?0x9:(__ramfunc_size <= 0x400)?0xa:(__ramfunc_size <= 0x800)?0xb:(__ramfunc_size <= 0x1000)?0xc:(__ramfunc_size <= 0x2000)?0xd:(__ramfunc_size <= 0x4000)?0xe:(__ramfunc_size <= 0x8000)?0xf:(__ramfunc_size <= 0x10000)?0x10:(__ramfunc_size <= 0x20000)?0x11:(__ramfunc_size <= 0x40000)?0x12:(__ramfunc_size <= 0x80000)?0x13:(__ramfunc_size <= 0x100000)?0x14:(__ramfunc_size <= 0x200000)?0x15:(__ramfunc_size <= 0x400000)?0x16:(__ramfunc_size <= 0x800000)?0x17:(__ramfunc_size <= 0x1000000)?0x18:(__ramfunc_size <= 0x2000000)?0x19:(__ramfunc_size <= 0x4000000)?0x1a:(__ramfunc_size <= 0x8000000)?0x1b:(__ramfunc_size <= 0x10000000)?0x1c:(__ramfunc_size <= 0x20000000)?0x1d:(__ramfunc_size <= 0x40000000)?0x1e:(__ramfunc_size <= 0x80000000)?0x1f:0x20))
                0x20000000                __ramfunc_end = .
                0x00000000                __ramfunc_size = (__ramfunc_end - __ramfunc_start)
                0x0000ab68                __ramfunc_load_start = LOADADDR (.ramfunc)

datas           0x20000000      0x1e4 load address 0x0000ab68
                0x20000000                __data_region_start = .
                0x20000000                __data_start = .
 *(SORT_BY_ALIGNMENT(.data))
 *(SORT_BY_ALIGNMENT(.data.*))
 .data.m_data   0x20000000       0x98 zephyr/drivers/adc/libdrivers__adc.a(adc_nrfx_saadc.c.obj)
 .data.pwmPeriod_us
                0x20000098        0x4 app/libapp.a(main.c.obj)
                0x20000098                pwmPeriod_us
 .data.ref      0x2000009c        0x4 app/libapp.a(main.c.obj)
                0x2000009c                ref
 .data.s0       0x200000a0        0x4 app/libapp.a(main.c.obj)
                0x200000a0                s0
 .data.s1       0x200000a4        0x4 app/libapp.a(main.c.obj)
                0x200000a4                s1
 .data._char_out
                0x200000a8        0x4 zephyr/libzephyr.a(printk.c.obj)
                0x200000a8                _char_out
 .data.asym_mutex
                0x200000ac        0x8 zephyr/libzephyr.a(nrf_cc3xx_platform_mutex_zephyr.c.obj)
 .data.power_mutex
                0x200000b4        0x8 zephyr/libzephyr.a(nrf_cc3xx_platform_mutex_zephyr.c.obj)
 .data.rng_mutex
                0x200000bc        0x8 zephyr/libzephyr.a(nrf_cc3xx_platform_mutex_zephyr.c.obj)
 .data.sym_mutex
                0x200000c4        0x8 zephyr/libzephyr.a(nrf_cc3xx_platform_mutex_zephyr.c.obj)
 .data._stdout_hook
                0x200000cc        0x4 zephyr/lib/libc/minimal/liblib__libc__minimal.a(stdout_console.c.obj)
 .data.uarte_0_data
                0x200000d0       0x14 zephyr/drivers/serial/libdrivers__serial.a(uart_nrfx_uarte.c.obj)
 .data.uarte_1_data
                0x200000e4       0x14 zephyr/drivers/serial/libdrivers__serial.a(uart_nrfx_uarte.c.obj)
 .data.SystemCoreClock
                0x200000f8        0x4 modules/hal_nordic/nrfx/libmodules__hal_nordic__nrfx.a(system_nrf52840.c.obj)
                0x200000f8                SystemCoreClock
 .data.m_cb     0x200000fc       0x7c modules/hal_nordic/nrfx/libmodules__hal_nordic__nrfx.a(nrfx_gpiote.c.obj)
 .data.m_channels_allocated
                0x20000178        0x4 modules/hal_nordic/nrfx/libmodules__hal_nordic__nrfx.a(nrfx_ppi.c.obj)
 .data.timeout_list
                0x2000017c        0x8 zephyr/kernel/libkernel.a(timeout.c.obj)
 .data.platform_abort_apis
                0x20000184        0x8 C:/Users/leosm/ncs/v1.9.1/nrfxlib/crypto/nrf_cc310_platform/lib/cortex-m4/soft-float/no-interrupts/libnrf_cc310_platform_0.9.13.a(nrf_cc3xx_platform_abort.c.obj)
                0x20000184                platform_abort_apis
 .data.asym_mutex
                0x2000018c        0x8 C:/Users/leosm/ncs/v1.9.1/nrfxlib/crypto/nrf_cc310_platform/lib/cortex-m4/soft-float/no-interrupts/libnrf_cc310_platform_0.9.13.a(nrf_cc3xx_platform_mutex.c.obj)
 .data.platform_mutex_apis
                0x20000194       0x10 C:/Users/leosm/ncs/v1.9.1/nrfxlib/crypto/nrf_cc310_platform/lib/cortex-m4/soft-float/no-interrupts/libnrf_cc310_platform_0.9.13.a(nrf_cc3xx_platform_mutex.c.obj)
                0x20000194                platform_mutex_apis
 .data.platform_mutexes
                0x200001a4       0x14 C:/Users/leosm/ncs/v1.9.1/nrfxlib/crypto/nrf_cc310_platform/lib/cortex-m4/soft-float/no-interrupts/libnrf_cc310_platform_0.9.13.a(nrf_cc3xx_platform_mutex.c.obj)
                0x200001a4                platform_mutexes
 .data.power_mutex
                0x200001b8        0x8 C:/Users/leosm/ncs/v1.9.1/nrfxlib/crypto/nrf_cc310_platform/lib/cortex-m4/soft-float/no-interrupts/libnrf_cc310_platform_0.9.13.a(nrf_cc3xx_platform_mutex.c.obj)
 .data.rng_mutex
                0x200001c0        0x8 C:/Users/leosm/ncs/v1.9.1/nrfxlib/crypto/nrf_cc310_platform/lib/cortex-m4/soft-float/no-interrupts/libnrf_cc310_platform_0.9.13.a(nrf_cc3xx_platform_mutex.c.obj)
 .data.sym_mutex
                0x200001c8        0x8 C:/Users/leosm/ncs/v1.9.1/nrfxlib/crypto/nrf_cc310_platform/lib/cortex-m4/soft-float/no-interrupts/libnrf_cc310_platform_0.9.13.a(nrf_cc3xx_platform_mutex.c.obj)
 .data.CCAsymCryptoMutex
                0x200001d0        0x4 C:/Users/leosm/ncs/v1.9.1/nrfxlib/crypto/nrf_cc310_platform/lib/cortex-m4/soft-float/no-interrupts/libnrf_cc310_platform_0.9.13.a(cc_pal.c.obj)
                0x200001d0                CCAsymCryptoMutex
 .data.CCPowerMutex
                0x200001d4        0x4 C:/Users/leosm/ncs/v1.9.1/nrfxlib/crypto/nrf_cc310_platform/lib/cortex-m4/soft-float/no-interrupts/libnrf_cc310_platform_0.9.13.a(cc_pal.c.obj)
                0x200001d4                CCPowerMutex
 .data.CCRndCryptoMutex
                0x200001d8        0x4 C:/Users/leosm/ncs/v1.9.1/nrfxlib/crypto/nrf_cc310_platform/lib/cortex-m4/soft-float/no-interrupts/libnrf_cc310_platform_0.9.13.a(cc_pal.c.obj)
                0x200001d8                CCRndCryptoMutex
 .data.CCSymCryptoMutex
                0x200001dc        0x4 C:/Users/leosm/ncs/v1.9.1/nrfxlib/crypto/nrf_cc310_platform/lib/cortex-m4/soft-float/no-interrupts/libnrf_cc310_platform_0.9.13.a(cc_pal.c.obj)
                0x200001dc                CCSymCryptoMutex
 .data.pCCRndCryptoMutex
                0x200001e0        0x4 C:/Users/leosm/ncs/v1.9.1/nrfxlib/crypto/nrf_cc310_platform/lib/cortex-m4/soft-float/no-interrupts/libnrf_cc310_platform_0.9.13.a(cc_pal.c.obj)
                0x200001e0                pCCRndCryptoMutex
 *(SORT_BY_ALIGNMENT(.kernel.*))
                0x200001e4                __data_end = .
                0x000001e4                __data_size = (__data_end - __data_start)
                0x0000ab68                __data_load_start = LOADADDR (datas)
                0x0000ab68                __data_region_load_start = LOADADDR (datas)

device_states   0x200001e4       0x1c load address 0x0000ad4c
                0x200001e4                __device_states_start = .
 *(SORT_BY_ALIGNMENT(.z_devstate))
 .z_devstate    0x200001e4        0x4 zephyr/drivers/adc/libdrivers__adc.a(adc_nrfx_saadc.c.obj)
 .z_devstate    0x200001e8        0x4 zephyr/drivers/clock_control/libdrivers__clock_control.a(clock_control_nrf.c.obj)
 .z_devstate    0x200001ec        0x8 zephyr/drivers/gpio/libdrivers__gpio.a(gpio_nrfx.c.obj)